--------- beginning of /dev/log/system
--------- beginning of /dev/log/main
E/DEBUG_KRISTJANS( 4749): 0.020574218746849837
E/FWKEXT  (  590): Enter GetCurrentOP
E/FWKEXT  (  590): Enter GetCurrentOP
E/FWKEXT  (  590): Enter GetCurrentOP
E/FWKEXT  (  590): Enter GetCurrentOP
E/FWKEXT  (  590): Enter GetCurrentOP
E/FWKEXT  (  590): Enter GetCurrentOP
E/FWKEXT  (  590): Enter GetCurrentOP
E/FWKEXT  (  590): Enter GetCurrentOP
E/FWKEXT  (  590): Enter GetCurrentOP
E/FWKEXT  (  590): Enter GetCurrentOP
E/FWKEXT  (  590): Enter GetCurrentOP
E/FWKEXT  (  590): Enter GetCurrentOP
E/FWKEXT  (  590): Enter GetCurrentOP
E/FWKEXT  (  590): Enter GetCurrentOP
E/FWKEXT  (  590): Enter GetCurrentOP
E/FWKEXT  (  590): Enter GetCurrentOP
E/FWKEXT  (  590): Enter GetCurrentOP
E/FWKEXT  (  590): Enter GetCurrentOP
E/FWKEXT  (  590): Enter GetCurrentOP
E/FWKEXT  (  590): Enter GetCurrentOP
E/FWKEXT  (  590): Enter GetCurrentOP
E/FWKEXT  (  590): Enter GetCurrentOP
E/FWKEXT  (  590): Enter GetCurrentOP
E/FWKEXT  (  590): Enter GetCurrentOP
E/FWKEXT  (  590): Enter GetCurrentOP
E/FWKEXT  (  590): Enter GetCurrentOP
E/FWKEXT  (  590): Enter GetCurrentOP
E/FWKEXT  (  590): Enter GetCurrentOP
E/FWKEXT  (  590): Enter GetCurrentOP
E/FWKEXT  (  590): Enter GetCurrentOP
E/FWKEXT  (  590): Enter GetCurrentOP
E/FWKEXT  (  590): Enter GetCurrentOP
E/FWKEXT  (  590): Enter GetCurrentOP
E/FWKEXT  (  590): Enter GetCurrentOP
E/FWKEXT  (  590): Enter GetCurrentOP
E/FWKEXT  (  590): Enter GetCurrentOP
E/FWKEXT  (  590): Enter GetCurrentOP
E/FWKEXT  (  590): Enter GetCurrentOP
E/FWKEXT  (  590): Enter GetCurrentOP
E/FWKEXT  (  590): Enter GetCurrentOP
E/FWKEXT  (  590): Enter GetCurrentOP
E/FWKEXT  (  590): Enter GetCurrentOP
E/FWKEXT  (  590): Enter GetCurrentOP
E/FWKEXT  (  590): Enter GetCurrentOP
E/FWKEXT  (  590): Enter GetCurrentOP
E/FWKEXT  (  590): Enter GetCurrentOP
E/FWKEXT  (  590): Enter GetCurrentOP
E/FWKEXT  (  590): Enter GetCurrentOP
E/FWKEXT  (  590): Enter GetCurrentOP
E/FWKEXT  (  590): Enter GetCurrentOP
E/FWKEXT  (  590): Enter GetCurrentOP
E/FWKEXT  (  590): Enter GetCurrentOP
E/FWKEXT  (  590): Enter GetCurrentOP
E/FWKEXT  (  590): Enter GetCurrentOP
E/FWKEXT  (  590): Enter GetCurrentOP
E/FWKEXT  (  590): Enter GetCurrentOP
E/FWKEXT  (  590): Enter GetCurrentOP
E/FWKEXT  (  590): Enter GetCurrentOP
E/FWKEXT  (  590): Enter GetCurrentOP
E/FWKEXT  (  590): Enter GetCurrentOP
E/FWKEXT  (  590): Enter GetCurrentOP
E/FWKEXT  (  590): Enter GetCurrentOP
E/FWKEXT  (  590): Enter GetCurrentOP
E/FWKEXT  (  590): Enter GetCurrentOP
E/FWKEXT  (  590): Enter GetCurrentOP
E/FWKEXT  (  590): Enter GetCurrentOP
E/FWKEXT  (  590): Enter GetCurrentOP
E/FWKEXT  (  590): Enter GetCurrentOP
E/FWKEXT  (  590): Enter GetCurrentOP
E/FWKEXT  (  590): Enter GetCurrentOP
E/FWKEXT  (  590): Enter GetCurrentOP
E/FWKEXT  (  590): Enter GetCurrentOP
E/FWKEXT  (  590): Enter GetCurrentOP
E/FWKEXT  (  590): Enter GetCurrentOP
E/FWKEXT  (  590): Enter GetCurrentOP
E/FWKEXT  (  590): Enter GetCurrentOP
E/FWKEXT  (  590): Enter GetCurrentOP
E/FWKEXT  (  590): Enter GetCurrentOP
E/FWKEXT  (  590): Enter GetCurrentOP
E/FWKEXT  (  590): Enter GetCurrentOP
E/FWKEXT  (  590): Enter GetCurrentOP
E/DEBUG_KRISTJANS( 4749): 0.06563436130330125
E/DEBUG_KRISTJANS( 4749): 0.058119947577223385
E/DEBUG_KRISTJANS( 4749): 0.38763863148512634
E/DEBUG_KRISTJANS( 4749): 0.26496574449001464
E/DEBUG_KRISTJANS( 4749): 0.09096261812728379
E/DEBUG_KRISTJANS( 4749): 0.011692908828605297
E/DEBUG_KRISTJANS( 4749): 0.06429943798832305
E/DEBUG_KRISTJANS( 4749): 0.11027224759657983
E/DEBUG_KRISTJANS( 4749): 0.053549218739712856
E/DEBUG_KRISTJANS( 4749): 0.027306964725479332
E/DEBUG_KRISTJANS( 4749): 0.0908676188342099
E/DEBUG_KRISTJANS( 4749): 0.1167876769823959
E/DEBUG_KRISTJANS( 4749): 0.04176131552936191
E/DEBUG_KRISTJANS( 4749): 0.13140556717832652
E/DEBUG_KRISTJANS( 4749): 0.2688538695505862
E/DEBUG_KRISTJANS( 4749): 0.1452479794793824
E/DEBUG_KRISTJANS( 4749): 0.01774386907558423
E/DEBUG_KRISTJANS( 4749): 0.054816999572468106
E/DEBUG_KRISTJANS( 4749): 0.025900577235338673
E/DEBUG_KRISTJANS( 4749): 0.010505125746972155
E/DEBUG_KRISTJANS( 4749): 0.03928956518466187
E/DEBUG_KRISTJANS( 4749): 0.017665647457194567
E/DEBUG_KRISTJANS( 4749): 0.022217077842565658
E/DEBUG_KRISTJANS( 4749): 0.15326374798997833
E/DEBUG_KRISTJANS( 4749): 0.17071081200015037
E/DEBUG_KRISTJANS( 4749): 0.08296513992615395
E/CellLocation(  590): create GsmCellLocation
E/CellLocation(  861): create GsmCellLocation
E/CellLocation(  891): create GsmCellLocation
E/CellLocation(  590): create GsmCellLocation
E/CellLocation(13179): create GsmCellLocation
E/CellLocation( 5813): create GsmCellLocation
E/DEBUG_KRISTJANS( 4749): 0.04666138140036402
E/CellLocation( 5813): create GsmCellLocation
E/CellLocation(  891): create GsmCellLocation
E/CellLocation(13179): create GsmCellLocation
E/DEBUG_KRISTJANS( 4749): 0.05867854776433035
E/DEBUG_KRISTJANS( 4749): 0.0667982157025655
E/DEBUG_KRISTJANS( 4749): 0.04924853229858783
E/DEBUG_KRISTJANS( 4749): 0.07290710540452316
E/DEBUG_KRISTJANS( 4749): 0.10243952909501886
E/DEBUG_KRISTJANS( 4749): 0.1945911774092295
E/DEBUG_KRISTJANS( 4749): 1.8096710005994048
E/DEBUG_KRISTJANS( 4749): 10.536628291082916
E/DEBUG_KRISTJANS( 4749): 2.1815270952231067
E/DEBUG_KRISTJANS( 4749): 3.551956816439663
E/FWKEXT  (  590): Enter GetCurrentOP
E/FWKEXT  (  590): Enter GetCurrentOP
E/DEBUG_KRISTJANS( 4749): 6.388710315132293
E/DEBUG_KRISTJANS( 4749): 0.00878838276751992
E/DEBUG_KRISTJANS( 4749): 0.01956028332168991
E/DEBUG_KRISTJANS( 4749): 0.010457945437517324
E/DEBUG_KRISTJANS( 4749): 0.36255346464275995
E/DEBUG_KRISTJANS( 4749): 3.1494491252742556
E/DEBUG_KRISTJANS( 4749): 0.022028728912484752
E/DEBUG_KRISTJANS( 4749): 2.8432028610838955
E/DEBUG_KRISTJANS( 4749): 3.2353849290959857
E/DEBUG_KRISTJANS( 4749): 4.953409587658046
E/DEBUG_KRISTJANS( 4749): 2.8875116739290627
E/DEBUG_KRISTJANS( 4749): 1.1999142720181073
E/DEBUG_KRISTJANS( 4749): 1.6787092686163172
E/DEBUG_KRISTJANS( 4749): 0.4086834361538676
E/DEBUG_KRISTJANS( 4749): 4.800519934603669
E/DEBUG_KRISTJANS( 4749): 1.9150307010783063
E/DEBUG_KRISTJANS( 4749): 0.10992162288962959
E/DEBUG_KRISTJANS( 4749): 0.10295401253694259
E/DEBUG_KRISTJANS( 4749): 0.1198110361450766
E/DEBUG_KRISTJANS( 4749): 0.09811389941969928
E/DEBUG_KRISTJANS( 4749): 0.034758176191047596
E/DEBUG_KRISTJANS( 4749): 0.0297060715099704
E/DEBUG_KRISTJANS( 4749): 0.053480432141487455
E/DEBUG_KRISTJANS( 4749): 0.03580678381159608
E/DEBUG_KRISTJANS( 4749): 0.03812334441247245
E/DEBUG_KRISTJANS( 4749): 0.09220306927684163
E/DEBUG_KRISTJANS( 4749): 0.06258137099412409
E/DEBUG_KRISTJANS( 4749): 0.03908163566991618
E/DEBUG_KRISTJANS( 4749): 0.11271006773856129
E/DEBUG_KRISTJANS( 4749): 0.06585602680131863
E/DEBUG_KRISTJANS( 4749): 0.046212429751712136
E/DEBUG_KRISTJANS( 4749): 0.07515939333393007
E/DEBUG_KRISTJANS( 4749): 0.007963920241051525
E/DEBUG_KRISTJANS( 4749): 0.04574990182376304
E/DEBUG_KRISTJANS( 4749): 0.1140693418732397
E/DEBUG_KRISTJANS( 4749): 0.0472691637691387
E/DEBUG_KRISTJANS( 4749): 0.19931703809920798
E/DEBUG_KRISTJANS( 4749): 0.0010706798699153808
E/DEBUG_KRISTJANS( 4749): 0.03789578852725661
E/DEBUG_KRISTJANS( 4749): 0.0745611475949115
E/DEBUG_KRISTJANS( 4749): 0.04085413456171061
E/DEBUG_KRISTJANS( 4749): 0.07715794285745758
E/DEBUG_KRISTJANS( 4749): 0.06405622131524957
E/DEBUG_KRISTJANS( 4749): 0.013101721542208011
E/DEBUG_KRISTJANS( 4749): 0.11680537349545617
E/DEBUG_KRISTJANS( 4749): 0.07670319434729045
E/DEBUG_KRISTJANS( 4749): 0.01840488184214628
E/DEBUG_KRISTJANS( 4749): 0.0064407295439270484
E/DEBUG_KRISTJANS( 4749): 0.09653832599336987
E/DEBUG_KRISTJANS( 4749): 0.08584160036542698
E/DEBUG_KRISTJANS( 4749): 0.010705686994148422
E/DEBUG_KRISTJANS( 4749): 0.028657057039705336
E/DEBUG_KRISTJANS( 4749): 0.028702039919584976
E/DEBUG_KRISTJANS( 4749): 0.002439162772439829
E/DEBUG_KRISTJANS( 4749): 0.07089439990576452
E/DEBUG_KRISTJANS( 4749): 0.15847751184175607
E/DEBUG_KRISTJANS( 4749): 0.139925447185421
E/DEBUG_KRISTJANS( 4749): 0.038387036166769306
E/DEBUG_KRISTJANS( 4749): 0.043733490021374166
E/DEBUG_KRISTJANS( 4749): 0.02289669362376401
E/DEBUG_KRISTJANS( 4749): 0.08225595193288271
E/DEBUG_KRISTJANS( 4749): 0.14031869147841824
E/DEBUG_KRISTJANS( 4749): 0.08347968619166934
E/DEBUG_KRISTJANS( 4749): 0.024929605081874584
E/DEBUG_KRISTJANS( 4749): 0.015045063417085558
E/DEBUG_KRISTJANS( 4749): 0.10146581968940538
E/DEBUG_KRISTJANS( 4749): 0.1297385499725543
E/DEBUG_KRISTJANS( 4749): 0.013284150697174368
E/DEBUG_KRISTJANS( 4749): 0.03311371123544582
E/DEBUG_KRISTJANS( 4749): 0.038253123127452326
E/DEBUG_KRISTJANS( 4749): 0.21013820087707558
E/DEBUG_KRISTJANS( 4749): 0.16531472383097956
E/DEBUG_KRISTJANS( 4749): 0.01831799957205149
E/DEBUG_KRISTJANS( 4749): 0.04670448782599124
E/DEBUG_KRISTJANS( 4749): 0.05473685073885726
E/DEBUG_KRISTJANS( 4749): 0.09915453565284515
E/DEBUG_KRISTJANS( 4749): 0.05591994858260918
E/DEBUG_KRISTJANS( 4749): 0.08102786388822736
E/DEBUG_KRISTJANS( 4749): 0.001293201365163199
E/FWKEXT  (  590): Enter GetCurrentOP
E/FWKEXT  (  590): Enter GetCurrentOP
E/FWKEXT  (  590): Enter GetCurrentOP
E/FWKEXT  (  590): Enter GetCurrentOP
E/FWKEXT  (  590): Enter GetCurrentOP
E/FWKEXT  (  590): Enter GetCurrentOP
E/FWKEXT  (  590): Enter GetCurrentOP
E/FWKEXT  (  590): Enter GetCurrentOP
E/FWKEXT  (  590): Enter GetCurrentOP
E/FWKEXT  (  590): Enter GetCurrentOP
E/FWKEXT  (  590): Enter GetCurrentOP
E/FWKEXT  (  590): Enter GetCurrentOP
E/FWKEXT  (  590): Enter GetCurrentOP
E/FWKEXT  (  590): Enter GetCurrentOP
E/FWKEXT  (  590): Enter GetCurrentOP
E/FWKEXT  (  590): Enter GetCurrentOP
E/FWKEXT  (  590): Enter GetCurrentOP
E/FWKEXT  (  590): Enter GetCurrentOP
E/FWKEXT  (  590): Enter GetCurrentOP
E/DEBUG_KRISTJANS( 4749): 0.06570834949092408
E/FWKEXT  (  590): Enter GetCurrentOP
E/FWKEXT  (  590): Enter GetCurrentOP
E/FWKEXT  (  590): Enter GetCurrentOP
E/FWKEXT  (  590): Enter GetCurrentOP
E/FWKEXT  (  590): Enter GetCurrentOP
E/FWKEXT  (  590): Enter GetCurrentOP
E/FWKEXT  (  590): Enter GetCurrentOP
E/FWKEXT  (  590): Enter GetCurrentOP
E/FWKEXT  (  590): Enter GetCurrentOP
E/FWKEXT  (  590): Enter GetCurrentOP
E/FWKEXT  (  590): Enter GetCurrentOP
E/FWKEXT  (  590): Enter GetCurrentOP
E/FWKEXT  (  590): Enter GetCurrentOP
E/FWKEXT  (  590): Enter GetCurrentOP
E/FWKEXT  (  590): Enter GetCurrentOP
E/FWKEXT  (  590): Enter GetCurrentOP
E/FWKEXT  (  590): Enter GetCurrentOP
E/FWKEXT  (  590): Enter GetCurrentOP
E/FWKEXT  (  590): Enter GetCurrentOP
E/FWKEXT  (  590): Enter GetCurrentOP
E/FWKEXT  (  590): Enter GetCurrentOP
E/FWKEXT  (  590): Enter GetCurrentOP
E/FWKEXT  (  590): Enter GetCurrentOP
E/FWKEXT  (  590): Enter GetCurrentOP
E/FWKEXT  (  590): Enter GetCurrentOP
E/FWKEXT  (  590): Enter GetCurrentOP
E/FWKEXT  (  590): Enter GetCurrentOP
E/FWKEXT  (  590): Enter GetCurrentOP
E/FWKEXT  (  590): Enter GetCurrentOP
E/FWKEXT  (  590): Enter GetCurrentOP
E/FWKEXT  (  590): Enter GetCurrentOP
E/FWKEXT  (  590): Enter GetCurrentOP
E/FWKEXT  (  590): Enter GetCurrentOP
E/FWKEXT  (  590): Enter GetCurrentOP
E/FWKEXT  (  590): Enter GetCurrentOP
E/FWKEXT  (  590): Enter GetCurrentOP
E/FWKEXT  (  590): Enter GetCurrentOP
E/FWKEXT  (  590): Enter GetCurrentOP
E/FWKEXT  (  590): Enter GetCurrentOP
E/FWKEXT  (  590): Enter GetCurrentOP
E/FWKEXT  (  590): Enter GetCurrentOP
E/FWKEXT  (  590): Enter GetCurrentOP
E/FWKEXT  (  590): Enter GetCurrentOP
E/FWKEXT  (  590): Enter GetCurrentOP
E/FWKEXT  (  590): Enter GetCurrentOP
E/FWKEXT  (  590): Enter GetCurrentOP
E/FWKEXT  (  590): Enter GetCurrentOP
E/FWKEXT  (  590): Enter GetCurrentOP
E/FWKEXT  (  590): Enter GetCurrentOP
E/FWKEXT  (  590): Enter GetCurrentOP
E/FWKEXT  (  590): Enter GetCurrentOP
E/FWKEXT  (  590): Enter GetCurrentOP
E/FWKEXT  (  590): Enter GetCurrentOP
E/FWKEXT  (  590): Enter GetCurrentOP
E/FWKEXT  (  590): Enter GetCurrentOP
E/FWKEXT  (  590): Enter GetCurrentOP
E/FWKEXT  (  590): Enter GetCurrentOP
E/FWKEXT  (  590): Enter GetCurrentOP
E/FWKEXT  (  590): Enter GetCurrentOP
E/FWKEXT  (  590): Enter GetCurrentOP
E/DEBUG_KRISTJANS( 4749): 0.03481791559213754
E/DEBUG_KRISTJANS( 4749): 0.05155448702630494
E/DEBUG_KRISTJANS( 4749): 0.0022300958840251184
E/DEBUG_KRISTJANS( 4749): 0.04416033797403074
E/DEBUG_KRISTJANS( 4749): 0.015661301313095066
E/DEBUG_KRISTJANS( 4749): 0.09264945736129171
E/DEBUG_KRISTJANS( 4749): 0.08496379429790579
E/DEBUG_KRISTJANS( 4749): 0.06329477534576711
E/DEBUG_KRISTJANS( 4749): 0.10367816184993472
E/DEBUG_KRISTJANS( 4749): 0.0364612488287932
E/DEBUG_KRISTJANS( 4749): 0.05746959599126278
E/DEBUG_KRISTJANS( 4749): 0.01907505803107057
E/DEBUG_KRISTJANS( 4749): 0.0476121780679275
E/DEBUG_KRISTJANS( 4749): 0.044851914963892625
E/DEBUG_KRISTJANS( 4749): 0.06514973700810955
E/DEBUG_KRISTJANS( 4749): 0.08591747203570677
E/DEBUG_KRISTJANS( 4749): 0.03465373530263527
E/DEBUG_KRISTJANS( 4749): 0.02102459168187032
E/DEBUG_KRISTJANS( 4749): 0.10600846401857211
E/DEBUG_KRISTJANS( 4749): 0.05536323048380254
E/DEBUG_KRISTJANS( 4749): 0.08713455775267676
E/DEBUG_KRISTJANS( 4749): 0.09378129955255154
E/DEBUG_KRISTJANS( 4749): 0.06600126885309976
E/DEBUG_KRISTJANS( 4749): 0.09503607850896323
E/DEBUG_KRISTJANS( 4749): 9.374084412012706E-4
E/DEBUG_KRISTJANS( 4749): 0.0314413900399515
E/DEBUG_KRISTJANS( 4749): 0.050686779373641855
E/DEBUG_KRISTJANS( 4749): 0.017957281305012174
E/DEBUG_KRISTJANS( 4749): 0.027985817440550065
E/DEBUG_KRISTJANS( 4749): 0.009897866308417491
E/DEBUG_KRISTJANS( 4749): 0.08529558521107106
E/cutils  (12563): to chown(/mnt/shell/emulated/0, 0, 0)
E/cutils  (12563): to chown(/mnt/shell/emulated/obb, 0, 0)
E/cutils  (12563): to chown(/storage/emulated/0/Android, 0, 0)
E/cutils  (12563): to chown(/storage/emulated/0/Android/obb, 0, 0)
E/DEBUG_KRISTJANS( 4749): 0.039430928555869826
E/DEBUG_KRISTJANS( 4749): 0.07165269509308558
E/DEBUG_KRISTJANS( 4749): 0.1335427582905595
E/dalvikvm(12563): Could not find class 'com.google.android.apps.gsa.assist.GsaVoiceInteractionSessionService', referenced from method com.google.android.apps.gsa.assist.GsaVoiceInteractionSessionService_MembersInjector.aB
E/dalvikvm(12563): Could not find class 'com.google.android.apps.gsa.tasks.VelvetBackgroundTasksJobService', referenced from method com.google.android.apps.gsa.tasks.bf.aB
E/dalvikvm(12563): Could not find class 'com.google.android.apps.gsa.tasks.BackgroundTasksJobService', referenced from method com.google.android.apps.gsa.tasks.q.aB
E/DEBUG_KRISTJANS( 4749): 0.08901958872869287
E/dalvikvm(12563): Could not find class 'android.app.AppOpsManager', referenced from method com.google.android.gms.e.hw.z
E/DEBUG_KRISTJANS( 4749): 0.06793108303369344
E/dalvikvm(12563): Could not find class 'android.net.ConnectivityManager$NetworkCallback', referenced from method com.google.android.apps.gsa.staticplugins.ap.p.<init>
E/dalvikvm(12563): Could not find class 'android.net.NetworkRequest$Builder', referenced from method com.google.android.apps.gsa.staticplugins.ap.p.gS
E/cutils  (12602): to chown(/mnt/shell/emulated/0, 0, 0)
E/cutils  (12602): to chown(/mnt/shell/emulated/obb, 0, 0)
E/cutils  (12602): to chown(/storage/emulated/0/Android, 0, 0)
E/cutils  (12602): to chown(/storage/emulated/0/Android/obb, 0, 0)
E/dalvikvm(12563): Could not find class 'android.content.pm.LauncherApps', referenced from method com.google.android.apps.gsa.search.shared.multiuser.l.connect
E/DEBUG_KRISTJANS( 4749): 0.06447860069514277
E/DEBUG_KRISTJANS( 4749): 0.04796851919851264
E/dalvikvm(12563): Could not find class 'android.telephony.CellInfoWcdma', referenced from method com.google.android.apps.gsa.staticplugins.ap.r.a
E/DEBUG_KRISTJANS( 4749): 0.09636446097245432
E/dalvikvm(12563): Could not find class 'org.chromium.net.y', referenced from method org.chromium.net.NetworkChangeNotifierAutoDetect.<init>
E/DEBUG_KRISTJANS( 4749): 0.056453603963188215
E/dalvikvm(12563): Could not find class 'android.media.AudioAttributes$Builder', referenced from method com.google.android.apps.gsa.speech.audio.c.a.<init>
E/dalvikvm(12563): Could not find class 'android.media.AudioFormat$Builder', referenced from method com.google.android.apps.gsa.speech.audio.d.a.<init>
E/GmsClient(12563): unable to connect to service: com.google.android.gms.speech.service.START on com.google.android.gms
E/DEBUG_KRISTJANS( 4749): 0.09565643501712096
E/DEBUG_KRISTJANS( 4749): 0.10684931711237056
E/CellLocation(  861): create GsmCellLocation
E/CellLocation(  590): create GsmCellLocation
E/CellLocation(  891): create GsmCellLocation
E/CellLocation(13179): create GsmCellLocation
E/CellLocation( 5813): create GsmCellLocation
E/DEBUG_KRISTJANS( 4749): 0.0023726196008180267
E/CellLocation(  590): create GsmCellLocation
E/CellLocation(  891): create GsmCellLocation
E/DEBUG_KRISTJANS( 4749): 0.012601723249192176
E/DEBUG_KRISTJANS( 4749): 0.008568577887031026
E/cutils  (12654): to chown(/mnt/shell/emulated/0, 0, 0)
E/cutils  (12654): to chown(/mnt/shell/emulated/obb, 0, 0)
E/cutils  (12654): to chown(/storage/emulated/0/Android, 0, 0)
E/cutils  (12654): to chown(/storage/emulated/0/Android/obb, 0, 0)
E/DEBUG_KRISTJANS( 4749): 0.06461996133564085
E/DEBUG_KRISTJANS( 4749): 0.03682505751270426
E/DEBUG_KRISTJANS( 4749): 0.05523353092359251
E/dalvikvm(12654): Could not find class 'android.app.AppOpsManager', referenced from method aecp.a
E/DEBUG_KRISTJANS( 4749): 0.08223369892731647
E/dalvikvm(12654): Could not find class 'com.google.android.apps.gmm.offline.OfflineAutoUpdateJobService', referenced from method qze.a
E/dalvikvm(12654): Could not find class 'com.google.android.apps.gmm.ugc.clientnotification.phototaken.PhotoTakenObserverService', referenced from method aaiv.a
E/dalvikvm(12654): Could not find class 'android.app.job.JobScheduler', referenced from method qzx.<init>
E/dalvikvm(12654): Could not find class 'com.google.android.apps.gmm.offline.OfflineAutoUpdateJobService', referenced from method qzx.f
E/dalvikvm(12654): Could not find class 'android.app.job.JobScheduler', referenced from method qzx.a
E/dalvikvm(12654): Could not find class 'android.app.job.JobScheduler', referenced from method qzx.a
E/dalvikvm(12654): Could not find class 'android.app.job.JobScheduler', referenced from method qzx.b
E/dalvikvm(12654): Could not find class 'android.app.job.JobScheduler', referenced from method qzx.c
E/dalvikvm(12654): Could not find class 'android.app.job.JobScheduler', referenced from method qzx.d
E/cutils  (12698): to chown(/mnt/shell/emulated/0, 0, 0)
E/cutils  (12698): to chown(/mnt/shell/emulated/obb, 0, 0)
E/cutils  (12698): to chown(/storage/emulated/0/Android, 0, 0)
E/cutils  (12698): to chown(/storage/emulated/0/Android/obb, 0, 0)
E/dalvikvm(12698): Could not find class 'jbq', referenced from method jbm.a
E/dalvikvm(12698): Could not find class 'jbp', referenced from method jbm.a
E/dalvikvm(12698): Could not find class 'android.app.AppOpsManager', referenced from method jgj.a
E/dalvikvm(12698): Could not find class 'javax.net.ssl.SNIHostName', referenced from method com.google.android.gms.org.conscrypt.Platform.getSSLParameters
E/dalvikvm(12698): Could not find class 'javax.net.ssl.SNIServerName', referenced from method com.google.android.gms.org.conscrypt.Platform.setSSLParameters
E/dalvikvm(12698): Could not find class 'com.google.android.gms.org.conscrypt.OpenSSLExtendedSessionImpl', referenced from method com.google.android.gms.org.conscrypt.Platform.wrapSSLSession
E/DEBUG_KRISTJANS( 4749): 0.02322385192179688
E/dalvikvm(12698): Could not find class 'com.google.android.gms.org.conscrypt.OpenSSLExtendedSessionImpl', referenced from method com.google.android.gms.org.conscrypt.SSLParametersImpl.getSessionToReuse
E/dalvikvm(12654): Could not find class 'android.app.AppOpsManager', referenced from method jgj.a
E/dalvikvm(12698): Could not find class 'iua', referenced from method itz.a
E/dalvikvm(12654): Could not find class 'javax.net.ssl.SNIHostName', referenced from method com.google.android.gms.org.conscrypt.Platform.getSSLParameters
E/dalvikvm(12654): Could not find class 'javax.net.ssl.SNIServerName', referenced from method com.google.android.gms.org.conscrypt.Platform.setSSLParameters
E/dalvikvm(12654): Could not find class 'com.google.android.gms.org.conscrypt.OpenSSLExtendedSessionImpl', referenced from method com.google.android.gms.org.conscrypt.Platform.wrapSSLSession
E/DEBUG_KRISTJANS( 4749): 0.04237052660031182
E/dalvikvm(12654): Could not find class 'com.google.android.gms.org.conscrypt.OpenSSLExtendedSessionImpl', referenced from method com.google.android.gms.org.conscrypt.SSLParametersImpl.getSessionToReuse
E/DEBUG_KRISTJANS( 4749): 0.14556254473630403
E/DEBUG_KRISTJANS( 4749): 0.11008733703553375
E/DEBUG_KRISTJANS( 4749): 0.029659485497115057
E/dalvikvm(12654): Could not find class 'android.system.ErrnoException', referenced from method loj.a
E/DEBUG_KRISTJANS( 4749): 0.016131805004228283
E/FWKEXT  (  590): Enter GetCurrentOP
E/FWKEXT  (  590): Enter GetCurrentOP
E/FWKEXT  (  590): Enter GetCurrentOP
E/FWKEXT  (  590): Enter GetCurrentOP
E/CellLocation(  439): create GsmCellLocation
E/CellLocation(  439): create GsmCellLocation
E/DEBUG_KRISTJANS( 4749): 0.09248985394611609
E/DEBUG_KRISTJANS( 4749): 0.02142164151082504
E/DEBUG_KRISTJANS( 4749): 0.024577868524927382
E/DEBUG_KRISTJANS( 4749): 0.043047262140946785
E/DEBUG_KRISTJANS( 4749): 0.09545286815852982
E/DEBUG_KRISTJANS( 4749): 0.046229095165131184
E/DEBUG_KRISTJANS( 4749): 0.04759822392576751
E/DEBUG_KRISTJANS( 4749): 0.13018063568333282
E/DEBUG_KRISTJANS( 4749): 0.15764721771921053
E/CellLocation(13179): create GsmCellLocation
E/DEBUG_KRISTJANS( 4749): 0.012159781237656375
E/CellLocation( 5813): create GsmCellLocation
E/CellLocation(  861): create GsmCellLocation
E/CellLocation(  891): create GsmCellLocation
E/CellLocation(  590): create GsmCellLocation
E/CellLocation(  590): create GsmCellLocation
E/CellLocation(  891): create GsmCellLocation
E/CellLocation(13179): create GsmCellLocation
E/CellLocation( 5813): create GsmCellLocation
E/DEBUG_KRISTJANS( 4749): 0.07898108296767781
E/DEBUG_KRISTJANS( 4749): 0.009362124402931826
E/DEBUG_KRISTJANS( 4749): 0.03927638234172903
E/DEBUG_KRISTJANS( 4749): 0.04692455508726745
E/DEBUG_KRISTJANS( 4749): 0.07617690999831339
E/DEBUG_KRISTJANS( 4749): 0.02067538680497627
E/DEBUG_KRISTJANS( 4749): 0.046073409367515694
E/DEBUG_KRISTJANS( 4749): 0.03487045496014929
E/DEBUG_KRISTJANS( 4749): 0.010949419997052345
E/DEBUG_KRISTJANS( 4749): 0.006966357860241246
E/DEBUG_KRISTJANS( 4749): 0.07237165305492255
E/DEBUG_KRISTJANS( 4749): 0.017148052139111414
E/DEBUG_KRISTJANS( 4749): 0.09993886320326162
E/DEBUG_KRISTJANS( 4749): 0.15902191539751698
E/DEBUG_KRISTJANS( 4749): 0.14894049309459234
E/DEBUG_KRISTJANS( 4749): 0.19369843082633942
E/DEBUG_KRISTJANS( 4749): 0.14818327639833484
E/DEBUG_KRISTJANS( 4749): 0.018213958056097823
E/DEBUG_KRISTJANS( 4749): 0.057959466283847405
E/DEBUG_KRISTJANS( 4749): 0.012777557891904934
E/DEBUG_KRISTJANS( 4749): 0.0609728262994107
E/DEBUG_KRISTJANS( 4749): 0.08174423821750132
E/DEBUG_KRISTJANS( 4749): 0.05617387893807546
E/DEBUG_KRISTJANS( 4749): 0.06729454399954449
E/DEBUG_KRISTJANS( 4749): 0.0670601794657042
E/DEBUG_KRISTJANS( 4749): 0.09299021903713722
E/DEBUG_KRISTJANS( 4749): 0.04696791755137042
E/DEBUG_KRISTJANS( 4749): 0.05492328674491276
E/DEBUG_KRISTJANS( 4749): 0.057497767152348445
E/DEBUG_KRISTJANS( 4749): 0.04810137632036948
E/DEBUG_KRISTJANS( 4749): 0.0741501248642269
E/DEBUG_KRISTJANS( 4749): 0.08470105066748168
E/DEBUG_KRISTJANS( 4749): 0.021514047508709666
E/DEBUG_KRISTJANS( 4749): 0.17428114439075948
E/DEBUG_KRISTJANS( 4749): 0.07961432179336114
E/DEBUG_KRISTJANS( 4749): 0.11347048603749954
E/DEBUG_KRISTJANS( 4749): 0.011874967328283859
E/DEBUG_KRISTJANS( 4749): 0.08731340104529295
E/DEBUG_KRISTJANS( 4749): 0.1874778889587354
E/DEBUG_KRISTJANS( 4749): 0.15768778442020803
E/DEBUG_KRISTJANS( 4749): 3.312252798609755
E/DEBUG_KRISTJANS( 4749): 2.2464632975799077
E/DEBUG_KRISTJANS( 4749): 1.0041964348659072
E/DEBUG_KRISTJANS( 4749): 2.913143356442493
E/DEBUG_KRISTJANS( 4749): 2.5780685245641752
E/DEBUG_KRISTJANS( 4749): 4.07551047830267
E/DEBUG_KRISTJANS( 4749): 5.224473142553187
E/DEBUG_KRISTJANS( 4749): 2.7939568826766497
E/DEBUG_KRISTJANS( 4749): 0.1351442555047484
E/DEBUG_KRISTJANS( 4749): 0.9743805824710439
E/DEBUG_KRISTJANS( 4749): 0.8631421526083844
E/DEBUG_KRISTJANS( 4749): 6.33933510788
E/DEBUG_KRISTJANS( 4749): 2.1016717902090196
E/DEBUG_KRISTJANS( 4749): 4.097201975877331
E/DEBUG_KRISTJANS( 4749): 1.7639715531304248
E/DEBUG_KRISTJANS( 4749): 6.6449665592637
E/DEBUG_KRISTJANS( 4749): 2.5525097089019155
E/DEBUG_KRISTJANS( 4749): 1.2563748129240118
E/DEBUG_KRISTJANS( 4749): 5.389612075641578
E/DEBUG_KRISTJANS( 4749): 4.016971867045616
E/DEBUG_KRISTJANS( 4749): 0.11331727734297736
E/DEBUG_KRISTJANS( 4749): 1.8308362085450707
E/DEBUG_KRISTJANS( 4749): 2.5908674744888396
E/DEBUG_KRISTJANS( 4749): 2.253834956637216
E/DEBUG_KRISTJANS( 4749): 0.06841735190212717
E/DEBUG_KRISTJANS( 4749): 0.05823115237897447
E/DEBUG_KRISTJANS( 4749): 0.09526942274015937
E/DEBUG_KRISTJANS( 4749): 0.10017612130242526
E/DEBUG_KRISTJANS( 4749): 0.19352509430677145
E/DEBUG_KRISTJANS( 4749): 0.25388802783636777
E/DEBUG_KRISTJANS( 4749): 0.2724880254862061
E/DEBUG_KRISTJANS( 4749): 0.053491336046267435
E/DEBUG_KRISTJANS( 4749): 0.1414437751825588
E/DEBUG_KRISTJANS( 4749): 0.12995204546767525
E/DEBUG_KRISTJANS( 4749): 0.07527083981872096
E/DEBUG_KRISTJANS( 4749): 0.06551266496635222
E/DEBUG_KRISTJANS( 4749): 0.10041824082197692
E/DEBUG_KRISTJANS( 4749): 0.11356750993597764
E/DEBUG_KRISTJANS( 4749): 0.11607915787147327
E/DEBUG_KRISTJANS( 4749): 0.008723261549761219
E/DEBUG_KRISTJANS( 4749): 0.04824238076745502
E/DEBUG_KRISTJANS( 4749): 0.0065280227960879955
E/DEBUG_KRISTJANS( 4749): 0.03480657631247652
E/DEBUG_KRISTJANS( 4749): 0.04568488970501505
E/DEBUG_KRISTJANS( 4749): 0.03693237045545672
E/DEBUG_KRISTJANS( 4749): 0.01593380620714413
E/DEBUG_KRISTJANS( 4749): 0.02117057793505417
E/DEBUG_KRISTJANS( 4749): 0.006429754374538632
E/DEBUG_KRISTJANS( 4749): 0.09268294789652032
E/DEBUG_KRISTJANS( 4749): 0.06362727280094305
E/DEBUG_KRISTJANS( 4749): 0.06396690480538147
E/DEBUG_KRISTJANS( 4749): 0.06663311941842842
E/DEBUG_KRISTJANS( 4749): 0.010875790388658046
E/DEBUG_KRISTJANS( 4749): 0.021745109194142742
E/DEBUG_KRISTJANS( 4749): 0.0015927849344574696
E/DEBUG_KRISTJANS( 4749): 0.027501995266593582
E/DEBUG_KRISTJANS( 4749): 0.09315667701081232
E/DEBUG_KRISTJANS( 4749): 0.007763044492977045
E/DEBUG_KRISTJANS( 4749): 0.04399579502274342
E/DEBUG_KRISTJANS( 4749): 0.0013437018088797714
E/DEBUG_KRISTJANS( 4749): 0.07410579356974445
E/DEBUG_KRISTJANS( 4749): 0.13043654662397408
E/DEBUG_KRISTJANS( 4749): 0.12104500203532176
E/DEBUG_KRISTJANS( 4749): 0.04723936209460433
E/DEBUG_KRISTJANS( 4749): 0.07353590048163738
E/DEBUG_KRISTJANS( 4749): 0.07282040458696137
E/DEBUG_KRISTJANS( 4749): 0.010990779851182353
E/DEBUG_KRISTJANS( 4749): 0.07433560952666163
E/DEBUG_KRISTJANS( 4749): 0.02729684527739451
E/DEBUG_KRISTJANS( 4749): 0.01152797620677859
E/DEBUG_KRISTJANS( 4749): 0.005630736005274528
E/DEBUG_KRISTJANS( 4749): 0.05922816210739512
E/DEBUG_KRISTJANS( 4749): 0.057510616131489556
E/DEBUG_KRISTJANS( 4749): 0.03850317746327292
E/DEBUG_KRISTJANS( 4749): 0.03797457897361056
E/DEBUG_KRISTJANS( 4749): 0.01278517143616753
E/DEBUG_KRISTJANS( 4749): 0.07037979956192153
E/DEBUG_KRISTJANS( 4749): 0.05573501056213104
E/DEBUG_KRISTJANS( 4749): 0.03156791615901966
E/DEBUG_KRISTJANS( 4749): 0.0663890525357047
E/DEBUG_KRISTJANS( 4749): 0.0027881192323775394
E/DEBUG_KRISTJANS( 4749): 0.01651312704903951
E/DEBUG_KRISTJANS( 4749): 0.057107148759692805
E/DEBUG_KRISTJANS( 4749): 0.020406475293697213
E/DEBUG_KRISTJANS( 4749): 0.0314447368702524
E/DEBUG_KRISTJANS( 4749): 0.06897184518842892
E/DEBUG_KRISTJANS( 4749): 0.10432102392465836
E/DEBUG_KRISTJANS( 4749): 0.12264805456056216
E/DEBUG_KRISTJANS( 4749): 0.07386492164862979
E/DEBUG_KRISTJANS( 4749): 0.051111759438216
E/DEBUG_KRISTJANS( 4749): 0.12584668867097726
E/DEBUG_KRISTJANS( 4749): 0.03710018005001636
E/DEBUG_KRISTJANS( 4749): 0.10196360332856891
E/DEBUG_KRISTJANS( 4749): 0.02796609242393977
E/DEBUG_KRISTJANS( 4749): 0.08214534132834572
E/DEBUG_KRISTJANS( 4749): 0.025337971551275373
E/DEBUG_KRISTJANS( 4749): 0.04107660919283873
E/DEBUG_KRISTJANS( 4749): 0.19242853896631118
E/DEBUG_KRISTJANS( 4749): 0.10303038036964729
E/DEBUG_KRISTJANS( 4749): 0.013500516667233953
E/FWKEXT  (  590): Enter GetCurrentOP
E/DEBUG_KRISTJANS( 4749): 0.02483848136529332
E/FWKEXT  (  590): Enter GetCurrentOP
E/DEBUG_KRISTJANS( 4749): 0.038190521103475206
E/DEBUG_KRISTJANS( 4749): 0.013056372357741708
E/DEBUG_KRISTJANS( 4749): 0.06219184586097448
E/DEBUG_KRISTJANS( 4749): 0.0461666446519704
E/DEBUG_KRISTJANS( 4749): 0.006910076883198002
E/DEBUG_KRISTJANS( 4749): 0.12562478960924572
E/DEBUG_KRISTJANS( 4749): 0.444858904440137
E/DEBUG_KRISTJANS( 4749): 8.88026230398774
E/DEBUG_KRISTJANS( 4749): 2.7394063307307697
E/CellLocation(  590): create GsmCellLocation
E/CellLocation(  891): create GsmCellLocation
E/CellLocation(  861): create GsmCellLocation
E/CellLocation( 5813): create GsmCellLocation
E/CellLocation(  590): create GsmCellLocation
E/CellLocation(13179): create GsmCellLocation
E/CellLocation(  891): create GsmCellLocation
E/DEBUG_KRISTJANS( 4749): 1.9870809731833106
E/DEBUG_KRISTJANS( 4749): 8.557957230265686
E/DEBUG_KRISTJANS( 4749): 0.2256343265639682
E/DEBUG_KRISTJANS( 4749): 0.06908865311488199
E/DEBUG_KRISTJANS( 4749): 0.08688687522734817
E/DEBUG_KRISTJANS( 4749): 0.1932393883899941
E/DEBUG_KRISTJANS( 4749): 0.0054864022982918925
E/DEBUG_KRISTJANS( 4749): 0.06012208319871881
E/DEBUG_KRISTJANS( 4749): 0.41533248389588273
E/DEBUG_KRISTJANS( 4749): 3.6639065753966467
E/DEBUG_KRISTJANS( 4749): 1.809005056553728
E/DEBUG_KRISTJANS( 4749): 6.7731586674273885
E/DEBUG_KRISTJANS( 4749): 11.350480338796565
E/DEBUG_KRISTJANS( 4749): 7.305811548079223
E/DEBUG_KRISTJANS( 4749): 1.7339084062872807
E/DEBUG_KRISTJANS( 4749): 1.469590698753219
E/DEBUG_KRISTJANS( 4749): 0.4432052297162592
E/CellLocation(  590): create GsmCellLocation
E/CellLocation(  590): create GsmCellLocation
E/CellLocation(  861): create GsmCellLocation
E/DEBUG_KRISTJANS( 4749): 0.379556754036221
E/CellLocation(  891): create GsmCellLocation
E/CellLocation( 5813): create GsmCellLocation
E/CellLocation(  891): create GsmCellLocation
E/CellLocation(13179): create GsmCellLocation
E/CellLocation( 5813): create GsmCellLocation
E/CellLocation(13179): create GsmCellLocation
E/DEBUG_KRISTJANS( 4749): 0.7203876573347525
E/DEBUG_KRISTJANS( 4749): 0.5971588121555556
E/DEBUG_KRISTJANS( 4749): 0.7159026357735474
E/DEBUG_KRISTJANS( 4749): 7.448152527008494
E/DEBUG_KRISTJANS( 4749): 3.2831976669442486
E/DEBUG_KRISTJANS( 4749): 0.19335107150297937
E/DEBUG_KRISTJANS( 4749): 4.243385622530749
E/DEBUG_KRISTJANS( 4749): 1.3693036888161068
E/DEBUG_KRISTJANS( 4749): 0.41010139060697703
E/DEBUG_KRISTJANS( 4749): 0.41116830123464965
E/DEBUG_KRISTJANS( 4749): 3.9571479869993906
E/DEBUG_KRISTJANS( 4749): 3.2207164538544406
E/DEBUG_KRISTJANS( 4749): 2.6777320510312297
E/DEBUG_KRISTJANS( 4749): 3.3752679717656306
E/DEBUG_KRISTJANS( 4749): 4.455483325095429
E/DEBUG_KRISTJANS( 4749): 4.811970065612064
E/DEBUG_KRISTJANS( 4749): 4.674459308531689
E/DEBUG_KRISTJANS( 4749): 3.7034744886298148
E/DEBUG_KRISTJANS( 4749): 2.2373055913559483
E/DEBUG_KRISTJANS( 4749): 2.5000895515142414
E/DEBUG_KRISTJANS( 4749): 0.7629766409611971
E/DEBUG_KRISTJANS( 4749): 3.7101896978763413
E/DEBUG_KRISTJANS( 4749): 2.2598375649426377
E/DEBUG_KRISTJANS( 4749): 5.821302837763064
E/DEBUG_KRISTJANS( 4749): 6.710148604205463
E/DEBUG_KRISTJANS( 4749): 0.09405287107133731
E/DEBUG_KRISTJANS( 4749): 0.7631084237164281
E/DEBUG_KRISTJANS( 4749): 6.561417976964177
E/DEBUG_KRISTJANS( 4749): 6.7258674995543695
E/DEBUG_KRISTJANS( 4749): 6.113156735074346
E/DEBUG_KRISTJANS( 4749): 6.298990761368481
E/DEBUG_KRISTJANS( 4749): 4.807399553699295
E/DEBUG_KRISTJANS( 4749): 8.599739520031159
E/DEBUG_KRISTJANS( 4749): 11.79915990563228
E/DEBUG_KRISTJANS( 4749): 8.137993114984493
E/DEBUG_KRISTJANS( 4749): 6.812684615029014
E/DEBUG_KRISTJANS( 4749): 7.862838430846737
E/DEBUG_KRISTJANS( 4749): 6.005600691184011
E/DEBUG_KRISTJANS( 4749): 6.353735596115417
E/DEBUG_KRISTJANS( 4749): 6.124375168353849
E/DEBUG_KRISTJANS( 4749): 3.483276535083771
E/DEBUG_KRISTJANS( 4749): 1.6801761207555543
E/DEBUG_KRISTJANS( 4749): 4.025317337372522
E/DEBUG_KRISTJANS( 4749): 5.318592627669773
E/DEBUG_KRISTJANS( 4749): 4.068087850264073
E/DEBUG_KRISTJANS( 4749): 0.8093379960178524
E/DEBUG_KRISTJANS( 4749): 4.988583052012871
E/DEBUG_KRISTJANS( 4749): 1.7499443256904659
E/DEBUG_KRISTJANS( 4749): 0.2451761031953037
E/DEBUG_KRISTJANS( 4749): 0.04363235397646825
E/DEBUG_KRISTJANS( 4749): 0.060168698655402864
E/DEBUG_KRISTJANS( 4749): 0.05755686897637169
E/DEBUG_KRISTJANS( 4749): 0.13514913911424387
E/DEBUG_KRISTJANS( 4749): 0.08191592081587196
E/DEBUG_KRISTJANS( 4749): 0.054867362915645757
E/DEBUG_KRISTJANS( 4749): 0.02799585339686317
E/DEBUG_KRISTJANS( 4749): 0.029582900007556034
E/DEBUG_KRISTJANS( 4749): 0.010333269028716785
E/DEBUG_KRISTJANS( 4749): 0.061919080355304246
E/DEBUG_KRISTJANS( 4749): 0.0827371983245424
E/DEBUG_KRISTJANS( 4749): 0.019689272156377058
E/DEBUG_KRISTJANS( 4749): 0.08289271277836718
E/DEBUG_KRISTJANS( 4749): 0.07384417801708842
E/DEBUG_KRISTJANS( 4749): 0.09541259247973954
E/DEBUG_KRISTJANS( 4749): 0.09597654153883894
E/DEBUG_KRISTJANS( 4749): 0.02037806626039007
E/DEBUG_KRISTJANS( 4749): 0.04580663416022546
E/DEBUG_KRISTJANS( 4749): 0.016716072227602297
E/DEBUG_KRISTJANS( 4749): 0.0028616594358084058
E/DEBUG_KRISTJANS( 4749): 0.03477915455026981
E/DEBUG_KRISTJANS( 4749): 0.14616637846613934
E/DEBUG_KRISTJANS( 4749): 0.06645164862400321
E/DEBUG_KRISTJANS( 4749): 0.04713063980547716
E/DEBUG_KRISTJANS( 4749): 0.08445096217342396
E/DEBUG_KRISTJANS( 4749): 0.08469452429943303
E/DEBUG_KRISTJANS( 4749): 0.10294413226117172
E/DEBUG_KRISTJANS( 4749): 0.07602233661054925
E/DEBUG_KRISTJANS( 4749): 0.1193192609487248
E/DEBUG_KRISTJANS( 4749): 0.26878434737252554
E/DEBUG_KRISTJANS( 4749): 0.23486811452881362
E/CellLocation(  590): create GsmCellLocation
E/DEBUG_KRISTJANS( 4749): 0.13241847977878685
E/CellLocation(  590): create GsmCellLocation
E/CellLocation(  861): create GsmCellLocation
E/CellLocation(  891): create GsmCellLocation
E/CellLocation( 5813): create GsmCellLocation
E/DEBUG_KRISTJANS( 4749): 0.017632922939169404
E/CellLocation(13179): create GsmCellLocation
E/CellLocation(  891): create GsmCellLocation
E/DEBUG_KRISTJANS( 4749): 0.023715601522388496
E/DEBUG_KRISTJANS( 4749): 0.06678059790920976
E/DEBUG_KRISTJANS( 4749): 0.040188978845337786
E/DEBUG_KRISTJANS( 4749): 0.11778484006306833
E/DEBUG_KRISTJANS( 4749): 0.0028503044429708524
E/DEBUG_KRISTJANS( 4749): 0.11410868400492014
E/DEBUG_KRISTJANS( 4749): 0.08172159636622744
E/DEBUG_KRISTJANS( 4749): 0.2551475713866491
E/DEBUG_KRISTJANS( 4749): 0.17653053981190325
E/DEBUG_KRISTJANS( 4749): 0.08249304374050759
E/DEBUG_KRISTJANS( 4749): 0.035227760251006046
E/DEBUG_KRISTJANS( 4749): 0.017477611147038274
E/DEBUG_KRISTJANS( 4749): 0.02040714368281371
E/DEBUG_KRISTJANS( 4749): 0.05073588702351017
E/DEBUG_KRISTJANS( 4749): 0.23516305996793463
E/DEBUG_KRISTJANS( 4749): 0.18625575083892265
E/DEBUG_KRISTJANS( 4749): 0.07516819807614716
E/DEBUG_KRISTJANS( 4749): 0.05147284553058995
E/CellLocation(  590): create GsmCellLocation
E/CellLocation(  590): create GsmCellLocation
E/CellLocation(  891): create GsmCellLocation
E/CellLocation(  861): create GsmCellLocation
E/DEBUG_KRISTJANS( 4749): 0.04828408169883858
E/CellLocation(13179): create GsmCellLocation
E/CellLocation( 5813): create GsmCellLocation
E/CellLocation(13179): create GsmCellLocation
E/CellLocation( 5813): create GsmCellLocation
E/CellLocation(  891): create GsmCellLocation
E/DEBUG_KRISTJANS( 4749): 0.05386678859294136
E/DEBUG_KRISTJANS( 4749): 0.04906552834398603
E/DEBUG_KRISTJANS( 4749): 0.07551050130391346
E/DEBUG_KRISTJANS( 4749): 0.07471064794171056
E/DEBUG_KRISTJANS( 4749): 0.05714375825630924
E/DEBUG_KRISTJANS( 4749): 0.14500214504298015
E/DEBUG_KRISTJANS( 4749): 0.0019321904481302
E/DEBUG_KRISTJANS( 4749): 0.02586643435360436
E/DEBUG_KRISTJANS( 4749): 0.1111254616367745
E/DEBUG_KRISTJANS( 4749): 0.01000577105160616
E/DEBUG_KRISTJANS( 4749): 0.12215632994088033
E/DEBUG_KRISTJANS( 4749): 0.0556989638080605
E/DEBUG_KRISTJANS( 4749): 0.03875052713372362
E/DEBUG_KRISTJANS( 4749): 0.0703885120398251
E/DEBUG_KRISTJANS( 4749): 0.05213453478141261
E/DEBUG_KRISTJANS( 4749): 0.02371543983190172
E/DEBUG_KRISTJANS( 4749): 0.027705384432101354
E/DEBUG_KRISTJANS( 4749): 0.049685627739114224
E/DEBUG_KRISTJANS( 4749): 0.012077134542398227
E/DEBUG_KRISTJANS( 4749): 0.009599842465922492
E/DEBUG_KRISTJANS( 4749): 0.019286435742104757
E/DEBUG_KRISTJANS( 4749): 0.044100595753910454
E/DEBUG_KRISTJANS( 4749): 0.0034703445766126606
E/DEBUG_KRISTJANS( 4749): 0.04456548600301069
E/DEBUG_KRISTJANS( 4749): 0.039126564851352796
E/DEBUG_KRISTJANS( 4749): 0.02863856953652899
E/DEBUG_KRISTJANS( 4749): 0.10114997214620125
E/DEBUG_KRISTJANS( 4749): 0.061090354901843114
E/DEBUG_KRISTJANS( 4749): 0.014586035838053846
E/DEBUG_KRISTJANS( 4749): 0.019454615511513396
E/DEBUG_KRISTJANS( 4749): 0.030752316477963504
E/DEBUG_KRISTJANS( 4749): 0.0767005330495607
E/DEBUG_KRISTJANS( 4749): 0.0825614406441364
E/DEBUG_KRISTJANS( 4749): 0.05435378122987444
E/DEBUG_KRISTJANS( 4749): 0.01975682569682924
E/DEBUG_KRISTJANS( 4749): 0.017225713754122296
E/DEBUG_KRISTJANS( 4749): 0.045488144912033235
E/DEBUG_KRISTJANS( 4749): 0.03195196340086781
E/DEBUG_KRISTJANS( 4749): 0.029754707525944113
E/DEBUG_KRISTJANS( 4749): 0.0012945168280236174
E/DEBUG_KRISTJANS( 4749): 0.06403633739668102
E/DEBUG_KRISTJANS( 4749): 0.0978159639155507
E/DEBUG_KRISTJANS( 4749): 0.07997233634712408
E/DEBUG_KRISTJANS( 4749): 0.02718447238540911
E/DEBUG_KRISTJANS( 4749): 0.09192235490799305
E/DEBUG_KRISTJANS( 4749): 0.09226293022263654
E/DEBUG_KRISTJANS( 4749): 0.01084995582534276
E/DEBUG_KRISTJANS( 4749): 0.02615067273955418
E/DEBUG_KRISTJANS( 4749): 0.05783710173944634
E/DEBUG_KRISTJANS( 4749): 0.010189522335981138
E/DEBUG_KRISTJANS( 4749): 0.0071793379387674605
E/DEBUG_KRISTJANS( 4749): 0.0076078979841707195
E/DEBUG_KRISTJANS( 4749): 4.8603466945529306E-4
E/DEBUG_KRISTJANS( 4749): 0.008235224993606849
E/DEBUG_KRISTJANS( 4749): 0.03742872434991007
E/DEBUG_KRISTJANS( 4749): 0.002222036738146471
E/DEBUG_KRISTJANS( 4749): 0.07472227518194252
E/DEBUG_KRISTJANS( 4749): 0.021487548328714468
E/DEBUG_KRISTJANS( 4749): 0.063293368578476
E/DEBUG_KRISTJANS( 4749): 0.11552292773890827
E/DEBUG_KRISTJANS( 4749): 8.361443004591962E-4
E/DEBUG_KRISTJANS( 4749): 0.030026984251872335
E/DEBUG_KRISTJANS( 4749): 0.043993668349468606
E/DEBUG_KRISTJANS( 4749): 0.04520799688850552
E/DEBUG_KRISTJANS( 4749): 0.0188330228012763
E/DEBUG_KRISTJANS( 4749): 0.028823780974509106
E/DEBUG_KRISTJANS( 4749): 0.011190596244487594
E/DEBUG_KRISTJANS( 4749): 0.056714338682457566
E/DEBUG_KRISTJANS( 4749): 0.07777223072909223
E/DEBUG_KRISTJANS( 4749): 0.05003154275706301
E/DEBUG_KRISTJANS( 4749): 0.045456570555996834
E/DEBUG_KRISTJANS( 4749): 0.05828069338195441
E/DEBUG_KRISTJANS( 4749): 0.026555757801951074
E/DEBUG_KRISTJANS( 4749): 0.02519871301799803
E/DEBUG_KRISTJANS( 4749): 0.027558939202085853
E/DEBUG_KRISTJANS( 4749): 0.051922655978438925
E/DEBUG_KRISTJANS( 4749): 0.12409663964603546
E/DEBUG_KRISTJANS( 4749): 3.174525184181931E-4
E/DEBUG_KRISTJANS( 4749): 0.04488542405380613
E/DEBUG_KRISTJANS( 4749): 0.019053132669331063
E/DEBUG_KRISTJANS( 4749): 0.0736899693105002
E/DEBUG_KRISTJANS( 4749): 0.12168307305580939
E/DEBUG_KRISTJANS( 4749): 0.03574904379737198
E/DEBUG_KRISTJANS( 4749): 0.11914561972575477
E/DEBUG_KRISTJANS( 4749): 0.08723124625315748
E/DEBUG_KRISTJANS( 4749): 0.06878395722591613
E/DEBUG_KRISTJANS( 4749): 0.07703307864713871
E/DEBUG_KRISTJANS( 4749): 0.08698788506072574
E/DEBUG_KRISTJANS( 4749): 0.037977330439241896
E/DEBUG_KRISTJANS( 4749): 0.07782593459689657
E/DEBUG_KRISTJANS( 4749): 0.028602546926030925
E/DEBUG_KRISTJANS( 4749): 0.009367613828816346
E/DEBUG_KRISTJANS( 4749): 0.10426720038544701
E/DEBUG_KRISTJANS( 4749): 0.05937527775119378
E/DEBUG_KRISTJANS( 4749): 0.09285409363725172
E/DEBUG_KRISTJANS( 4749): 9.776395137599536E-4
E/DEBUG_KRISTJANS( 4749): 0.03723578442305708
E/DEBUG_KRISTJANS( 4749): 0.02117765532794813
E/DEBUG_KRISTJANS( 4749): 0.04313540474752209
E/DEBUG_KRISTJANS( 4749): 0.08953533202535802
E/DEBUG_KRISTJANS( 4749): 0.05111178846099662
E/DEBUG_KRISTJANS( 4749): 0.00335517013708575
E/DEBUG_KRISTJANS( 4749): 0.015239147520340168
E/DEBUG_KRISTJANS( 4749): 0.10946705881990226
E/DEBUG_KRISTJANS( 4749): 0.015758738235231107
E/DEBUG_KRISTJANS( 4749): 0.047450546755486656
E/DEBUG_KRISTJANS( 4749): 0.031499082782410426
E/DEBUG_KRISTJANS( 4749): 0.10454859913073022
E/DEBUG_KRISTJANS( 4749): 0.08141635342588494
E/DEBUG_KRISTJANS( 4749): 0.027106227219729107
E/DEBUG_KRISTJANS( 4749): 0.05399265541777787
E/DEBUG_KRISTJANS( 4749): 0.1563521443291105
E/DEBUG_KRISTJANS( 4749): 0.05702828744750299
E/DEBUG_KRISTJANS( 4749): 0.22750899790687384
E/DEBUG_KRISTJANS( 4749): 0.7987623813691958
E/DEBUG_KRISTJANS( 4749): 1.1419586113842275
E/DEBUG_KRISTJANS( 4749): 3.9429107670925374
E/DEBUG_KRISTJANS( 4749): 1.1325096189137431
E/DEBUG_KRISTJANS( 4749): 0.44394986818466364
E/DEBUG_KRISTJANS( 4749): 0.11146282481647596
E/DEBUG_KRISTJANS( 4749): 0.18676133776229875
E/DEBUG_KRISTJANS( 4749): 0.7886980825295105
E/DEBUG_KRISTJANS( 4749): 0.043257040684979486
E/DEBUG_KRISTJANS( 4749): 0.011969424019790509
E/DEBUG_KRISTJANS( 4749): 1.5069570553722524
E/DEBUG_KRISTJANS( 4749): 1.7702009843241697
E/DEBUG_KRISTJANS( 4749): 1.8767386792109022
E/DEBUG_KRISTJANS( 4749): 1.842981711786118
E/DEBUG_KRISTJANS( 4749): 3.878193206952533
E/DEBUG_KRISTJANS( 4749): 4.113280434276243
E/DEBUG_KRISTJANS( 4749): 1.112013359772119
E/DEBUG_KRISTJANS( 4749): 0.0035751774464785058
E/DEBUG_KRISTJANS( 4749): 3.7268263047299897
E/DEBUG_KRISTJANS( 4749): 5.157418230175747
E/DEBUG_KRISTJANS( 4749): 5.347134074311848
E/DEBUG_KRISTJANS( 4749): 5.8010309692327
E/DEBUG_KRISTJANS( 4749): 2.4989969949888895
E/DEBUG_KRISTJANS( 4749): 0.9770067277058399
E/DEBUG_KRISTJANS( 4749): 1.4442929910962583
E/DEBUG_KRISTJANS( 4749): 2.8609003644198108
E/DEBUG_KRISTJANS( 4749): 3.151430595016338
E/DEBUG_KRISTJANS( 4749): 0.4370852774778413
E/DEBUG_KRISTJANS( 4749): 4.286857595757741
E/DEBUG_KRISTJANS( 4749): 2.9116670408461562
E/DEBUG_KRISTJANS( 4749): 3.2091368796103836
E/DEBUG_KRISTJANS( 4749): 5.5115557351948254
E/DEBUG_KRISTJANS( 4749): 3.825608894354236
E/DEBUG_KRISTJANS( 4749): 0.9430585221958268
E/DEBUG_KRISTJANS( 4749): 1.7952421292525589
E/DEBUG_KRISTJANS( 4749): 7.279461307103887
E/DEBUG_KRISTJANS( 4749): 11.069999529982109
E/DEBUG_KRISTJANS( 4749): 5.600616563796615
E/DEBUG_KRISTJANS( 4749): 5.515302903708021
E/DEBUG_KRISTJANS( 4749): 5.254324383101782
E/DEBUG_KRISTJANS( 4749): 2.147906809896769
E/DEBUG_KRISTJANS( 4749): 0.9927648912572327
E/DEBUG_KRISTJANS( 4749): 5.383606651838736
E/DEBUG_KRISTJANS( 4749): 7.770004737639261
E/DEBUG_KRISTJANS( 4749): 3.4425913117110865
E/DEBUG_KRISTJANS( 4749): 4.022961794198256
E/DEBUG_KRISTJANS( 4749): 2.5184684622406124
E/DEBUG_KRISTJANS( 4749): 4.333910523691316
E/DEBUG_KRISTJANS( 4749): 8.978522374971051
E/DEBUG_KRISTJANS( 4749): 6.892338107168648
E/DEBUG_KRISTJANS( 4749): 6.872315796201643
E/DEBUG_KRISTJANS( 4749): 4.615353775095804
E/DEBUG_KRISTJANS( 4749): 1.6571216147360115
E/DEBUG_KRISTJANS( 4749): 0.9352257948524905
E/DEBUG_KRISTJANS( 4749): 2.638252497453383
E/DEBUG_KRISTJANS( 4749): 2.7037019809233875
E/DEBUG_KRISTJANS( 4749): 0.2846213134901543
E/FWKEXT  (  590): Enter GetCurrentOP
E/FWKEXT  (  590): Enter GetCurrentOP
E/DEBUG_KRISTJANS( 4749): 0.008595737912205692
E/DEBUG_KRISTJANS( 4749): 0.011750653860586269
E/DEBUG_KRISTJANS( 4749): 0.11342985997155886
E/DEBUG_KRISTJANS( 4749): 0.13695130028527913
E/DEBUG_KRISTJANS( 4749): 0.0982459235119677
E/DEBUG_KRISTJANS( 4749): 0.037934672600849595
E/DEBUG_KRISTJANS( 4749): 0.043909074418289507
E/DEBUG_KRISTJANS( 4749): 0.025676196958691833
E/DEBUG_KRISTJANS( 4749): 0.6126741372568727
E/DEBUG_KRISTJANS( 4749): 0.1881172626840968
E/DEBUG_KRISTJANS( 4749): 3.303730207132923
E/DEBUG_KRISTJANS( 4749): 4.030428126350567
E/DEBUG_KRISTJANS( 4749): 0.48578024364043415
E/DEBUG_KRISTJANS( 4749): 0.02902246468276104
E/DEBUG_KRISTJANS( 4749): 0.0285767660154157
E/DEBUG_KRISTJANS( 4749): 6.281995193226919E-4
E/DEBUG_KRISTJANS( 4749): 0.03005042363019328
E/DEBUG_KRISTJANS( 4749): 0.10503215952336653
E/DEBUG_KRISTJANS( 4749): 0.06694827481881305
E/DEBUG_KRISTJANS( 4749): 0.05785981451251665
E/DEBUG_KRISTJANS( 4749): 0.028759693462427904
E/DEBUG_KRISTJANS( 4749): 0.057290867524931954
E/DEBUG_KRISTJANS( 4749): 0.05728104218193941
E/DEBUG_KRISTJANS( 4749): 0.009212068089963665
E/DEBUG_KRISTJANS( 4749): 0.0281460721960336
E/DEBUG_KRISTJANS( 4749): 2.315309790716924E-4
E/DEBUG_KRISTJANS( 4749): 0.11534269882698034
E/DEBUG_KRISTJANS( 4749): 0.04838872080437007
E/DEBUG_KRISTJANS( 4749): 0.03854065387304395
E/DEBUG_KRISTJANS( 4749): 0.028383851183743758
E/DEBUG_KRISTJANS( 4749): 0.13627618063486402
E/DEBUG_KRISTJANS( 4749): 0.17457071018079162
E/DEBUG_KRISTJANS( 4749): 0.15350334789373932
E/DEBUG_KRISTJANS( 4749): 0.07758083855787312
E/DEBUG_KRISTJANS( 4749): 0.037957462422101074
E/DEBUG_KRISTJANS( 4749): 0.0962983837717708
E/DEBUG_KRISTJANS( 4749): 0.0955213900366747
E/DEBUG_KRISTJANS( 4749): 0.037585853861461516
E/DEBUG_KRISTJANS( 4749): 0.10640406874587072
E/DEBUG_KRISTJANS( 4749): 0.3441522351774893
E/DEBUG_KRISTJANS( 4749): 0.1736012066306003
E/DEBUG_KRISTJANS( 4749): 0.09200683984775893
E/DEBUG_KRISTJANS( 4749): 0.03759899435155489
E/DEBUG_KRISTJANS( 4749): 0.09696925241975052
E/DEBUG_KRISTJANS( 4749): 0.016828336451661485
E/DEBUG_KRISTJANS( 4749): 0.03668646022587474
E/DEBUG_KRISTJANS( 4749): 0.04759724793050957
E/DEBUG_KRISTJANS( 4749): 0.03255222912156874
E/DEBUG_KRISTJANS( 4749): 0.020269341501107263
E/DEBUG_KRISTJANS( 4749): 0.036709484383255386
E/DEBUG_KRISTJANS( 4749): 0.09451363359199227
E/DEBUG_KRISTJANS( 4749): 0.08875259513720657
E/DEBUG_KRISTJANS( 4749): 0.02814857233688528
E/DEBUG_KRISTJANS( 4749): 0.15769761651776015
E/DEBUG_KRISTJANS( 4749): 0.13316670575330036
E/DEBUG_KRISTJANS( 4749): 0.03760118288101211
E/DEBUG_KRISTJANS( 4749): 0.10413542930069752
E/DEBUG_KRISTJANS( 4749): 0.09450356066778909
E/DEBUG_KRISTJANS( 4749): 0.1367256054936501
E/DEBUG_KRISTJANS( 4749): 0.6852439678383373
E/DEBUG_KRISTJANS( 4749): 0.5892516715458669
E/DEBUG_KRISTJANS( 4749): 0.07661095963856468
E/DEBUG_KRISTJANS( 4749): 0.15226945755144428
E/DEBUG_KRISTJANS( 4749): 0.04065155485426075
E/DEBUG_KRISTJANS( 4749): 0.1076949752284424
E/DEBUG_KRISTJANS( 4749): 0.06681094253758602
E/DEBUG_KRISTJANS( 4749): 0.03456540548473441
E/DEBUG_KRISTJANS( 4749): 0.048248795223688745
E/DEBUG_KRISTJANS( 4749): 0.007500628881441429
E/DEBUG_KRISTJANS( 4749): 0.03857671565039311
E/DEBUG_KRISTJANS( 4749): 0.02139969431574329
E/DEBUG_KRISTJANS( 4749): 0.8606124913708975
E/DEBUG_KRISTJANS( 4749): 1.187024705602898
E/DEBUG_KRISTJANS( 4749): 0.009453796078755516
E/DEBUG_KRISTJANS( 4749): 0.48127825678262326
E/DEBUG_KRISTJANS( 4749): 0.08320886077130574
E/DEBUG_KRISTJANS( 4749): 0.08736403306054896
E/DEBUG_KRISTJANS( 4749): 0.040451065222011806
E/DEBUG_KRISTJANS( 4749): 0.022425673842379368
E/DEBUG_KRISTJANS( 4749): 0.05512655826627366
E/DEBUG_KRISTJANS( 4749): 0.1101212376501195
E/DEBUG_KRISTJANS( 4749): 0.1741239835282773
E/DEBUG_KRISTJANS( 4749): 0.07067216725925007
E/DEBUG_KRISTJANS( 4749): 0.38731605372856315
E/DEBUG_KRISTJANS( 4749): 2.1552943647406817
E/DEBUG_KRISTJANS( 4749): 2.830778774546685
E/DEBUG_KRISTJANS( 4749): 0.18976423845317036
E/DEBUG_KRISTJANS( 4749): 0.06643182077248433
E/DEBUG_KRISTJANS( 4749): 0.05773689869310594
E/DEBUG_KRISTJANS( 4749): 0.10641917201827944
E/DEBUG_KRISTJANS( 4749): 0.008198099263010405
E/DEBUG_KRISTJANS( 4749): 0.1338956928998094
E/DEBUG_KRISTJANS( 4749): 0.07689945154754163
E/DEBUG_KRISTJANS( 4749): 0.05764561042754579
E/DEBUG_KRISTJANS( 4749): 0.10884318587643094
E/DEBUG_KRISTJANS( 4749): 0.1335666372552229
E/DEBUG_KRISTJANS( 4749): 0.005724064435678855
E/DEBUG_KRISTJANS( 4749): 0.1442589153116547
E/DEBUG_KRISTJANS( 4749): 0.03944653196448478
E/DEBUG_KRISTJANS( 4749): 0.018645322099837713
E/DEBUG_KRISTJANS( 4749): 0.02809095147079077
E/DEBUG_KRISTJANS( 4749): 0.0477215430982838
E/DEBUG_KRISTJANS( 4749): 0.010452440405524399
E/DEBUG_KRISTJANS( 4749): 0.04790993997877102
E/DEBUG_KRISTJANS( 4749): 0.22936436765998103
E/DEBUG_KRISTJANS( 4749): 0.3256252440835734
E/DEBUG_KRISTJANS( 4749): 0.09604036518458337
E/DEBUG_KRISTJANS( 4749): 0.037850753056181574
E/DEBUG_KRISTJANS( 4749): 0.12357852726390384
E/DEBUG_KRISTJANS( 4749): 0.07608540894193538
E/DEBUG_KRISTJANS( 4749): 0.04798172285136104
E/DEBUG_KRISTJANS( 4749): 0.038139257103425805
E/DEBUG_KRISTJANS( 4749): 0.0674363211575919
E/DEBUG_KRISTJANS( 4749): 0.009906804162415739
E/DEBUG_KRISTJANS( 4749): 0.04793842713220364
E/DEBUG_KRISTJANS( 4749): 0.027437528408123413
E/DEBUG_KRISTJANS( 4749): 0.020004265346594607
E/DEBUG_KRISTJANS( 4749): 0.0199552686204143
E/DEBUG_KRISTJANS( 4749): 0.10282283695003258
E/DEBUG_KRISTJANS( 4749): 0.0563801624411866
E/DEBUG_KRISTJANS( 4749): 0.08622505433125838
E/DEBUG_KRISTJANS( 4749): 0.17186164086492361
E/DEBUG_KRISTJANS( 4749): 0.10620631068795383
E/DEBUG_KRISTJANS( 4749): 0.12235021194131157
E/DEBUG_KRISTJANS( 4749): 0.07578456836328051
E/DEBUG_KRISTJANS( 4749): 0.11356460535445301
E/DEBUG_KRISTJANS( 4749): 0.07605499189621767
E/DEBUG_KRISTJANS( 4749): 0.01902043247210905
E/DEBUG_KRISTJANS( 4749): 0.19460614774245144
E/DEBUG_KRISTJANS( 4749): 0.1944677106675865
E/DEBUG_KRISTJANS( 4749): 0.01892141738472297
E/DEBUG_KRISTJANS( 4749): 0.04775227366086554
E/DEBUG_KRISTJANS( 4749): 0.10581168143494324
E/DEBUG_KRISTJANS( 4749): 0.0670211444773745
E/DEBUG_KRISTJANS( 4749): 0.0671058782736722
E/DEBUG_KRISTJANS( 4749): 0.05821302680097595
