E/DEBUG_KRISTJANS( 4749): 0.14268358483672827
E/DEBUG_KRISTJANS( 4749): 0.0948690261325904
E/DEBUG_KRISTJANS( 4749): 0.12449745033786996
E/DEBUG_KRISTJANS( 4749): 0.11443170721455331
E/DEBUG_KRISTJANS( 4749): 0.09547649204375475
E/DEBUG_KRISTJANS( 4749): 0.10542064047561084
E/DEBUG_KRISTJANS( 4749): 0.07657953227597147
E/DEBUG_KRISTJANS( 4749): 0.09573766969964481
E/DEBUG_KRISTJANS( 4749): 0.01013799144301153
E/DEBUG_KRISTJANS( 4749): 0.009979875720457443
E/DEBUG_KRISTJANS( 4749): 0.06675292794268017
E/DEBUG_KRISTJANS( 4749): 0.010242687682952223
E/DEBUG_KRISTJANS( 4749): 0.01919939358890943
E/DEBUG_KRISTJANS( 4749): 0.019939303250630758
E/DEBUG_KRISTJANS( 4749): 0.04766277853936529
E/DEBUG_KRISTJANS( 4749): 0.018544738455519294
E/DEBUG_KRISTJANS( 4749): 0.00968024884113916
E/DEBUG_KRISTJANS( 4749): 0.1250974120732966
E/DEBUG_KRISTJANS( 4749): 0.02929984028556376
E/DEBUG_KRISTJANS( 4749): 0.048015828850203945
E/DEBUG_KRISTJANS( 4749): 0.2941712243825414
E/DEBUG_KRISTJANS( 4749): 0.23819948201276198
E/DEBUG_KRISTJANS( 4749): 0.03844701416634422
E/DEBUG_KRISTJANS( 4749): 0.15573541733355611
E/DEBUG_KRISTJANS( 4749): 0.19472074161068242
E/DEBUG_KRISTJANS( 4749): 0.062009290609385204
E/DEBUG_KRISTJANS( 4749): 0.03438804137841345
E/DEBUG_KRISTJANS( 4749): 0.010381118992798477
E/DEBUG_KRISTJANS( 4749): 0.0462107031064285
E/DEBUG_KRISTJANS( 4749): 0.05573493335067603
E/DEBUG_KRISTJANS( 4749): 0.05747409455153907
E/DEBUG_KRISTJANS( 4749): 0.09647304618305519
E/DEBUG_KRISTJANS( 4749): 0.02892624602679561
E/DEBUG_KRISTJANS( 4749): 0.018933291892272663
E/DEBUG_KRISTJANS( 4749): 0.016964522294482975
E/DEBUG_KRISTJANS( 4749): 0.05515535457856657
E/DEBUG_KRISTJANS( 4749): 0.03019959109003345
E/DEBUG_KRISTJANS( 4749): 0.07696502078127843
E/DEBUG_KRISTJANS( 4749): 0.11422057393312457
E/DEBUG_KRISTJANS( 4749): 0.031048848210993185
E/DEBUG_KRISTJANS( 4749): 0.0754674834310709
E/DEBUG_KRISTJANS( 4749): 0.07552056048908007
E/DEBUG_KRISTJANS( 4749): 0.010155493918874825
E/DEBUG_KRISTJANS( 4749): 3.763323421750398
E/DEBUG_KRISTJANS( 4749): 3.753849808969889
E/DEBUG_KRISTJANS( 4749): 0.038099850677301816
E/DEBUG_KRISTJANS( 4749): 0.01868396461220634
E/DEBUG_KRISTJANS( 4749): 0.0672279509795981
E/DEBUG_KRISTJANS( 4749): 0.02659401450766019
E/DEBUG_KRISTJANS( 4749): 0.01784598404758775
E/DEBUG_KRISTJANS( 4749): 0.07582248422063387
E/DEBUG_KRISTJANS( 4749): 0.018723903517683382
E/DEBUG_KRISTJANS( 4749): 0.06718011141494173
E/DEBUG_KRISTJANS( 4749): 0.02890602360700889
E/DEBUG_KRISTJANS( 4749): 0.05729058289330169
E/DEBUG_KRISTJANS( 4749): 0.08585737097549995
E/DEBUG_KRISTJANS( 4749): 0.06717612805978668
E/DEBUG_KRISTJANS( 4749): 0.16247015428573341
E/DEBUG_KRISTJANS( 4749): 0.03833237840019876
E/DEBUG_KRISTJANS( 4749): 0.07598628071658275
E/DEBUG_KRISTJANS( 4749): 0.05632312053036159
E/DEBUG_KRISTJANS( 4749): 0.037476437454298406
E/DEBUG_KRISTJANS( 4749): 0.018949464212793643
E/DEBUG_KRISTJANS( 4749): 0.0579282970976962
E/DEBUG_KRISTJANS( 4749): 0.04789843593755805
E/DEBUG_KRISTJANS( 4749): 0.0670370537764704
E/DEBUG_KRISTJANS( 4749): 0.019051923318901487
E/DEBUG_KRISTJANS( 4749): 0.04796471970070826
E/DEBUG_KRISTJANS( 4749): 0.029298650482827426
E/DEBUG_KRISTJANS( 4749): 0.02899794636868691
E/DEBUG_KRISTJANS( 4749): 0.02917816515899574
E/DEBUG_KRISTJANS( 4749): 0.06673705866159096
E/DEBUG_KRISTJANS( 4749): 0.03798061516080864
E/DEBUG_KRISTJANS( 4749): 0.05692852639405466
E/DEBUG_KRISTJANS( 4749): 0.14328632122045626
E/DEBUG_KRISTJANS( 4749): 3.9437282916665595E-4
E/DEBUG_KRISTJANS( 4749): 0.04801660479327552
E/DEBUG_KRISTJANS( 4749): 0.03738483104440071
E/DEBUG_KRISTJANS( 4749): 0.09562509093094995
E/DEBUG_KRISTJANS( 4749): 0.029191997778500678
E/DEBUG_KRISTJANS( 4749): 0.00996253917736567
E/DEBUG_KRISTJANS( 4749): 0.10491095263583894
E/DEBUG_KRISTJANS( 4749): 0.10492736477240783
E/DEBUG_KRISTJANS( 4749): 0.02003274331712568
E/DEBUG_KRISTJANS( 4749): 0.11501043583194104
E/DEBUG_KRISTJANS( 4749): 0.038603727893637085
E/DEBUG_KRISTJANS( 4749): 0.08635100895587122
E/DEBUG_KRISTJANS( 4749): 0.04829360720380471
E/DEBUG_KRISTJANS( 4749): 0.019514089511183386
E/DEBUG_KRISTJANS( 4749): 0.09489745518914994
E/DEBUG_KRISTJANS( 4749): 0.056853670887290875
E/DEBUG_KRISTJANS( 4749): 0.018854794194828273
E/DEBUG_KRISTJANS( 4749): 0.00994492175636097
E/DEBUG_KRISTJANS( 4749): 0.01929141579472038
E/DEBUG_KRISTJANS( 4749): 0.09587407722359487
E/DEBUG_KRISTJANS( 4749): 0.07706601785627853
E/DEBUG_KRISTJANS( 4749): 0.03921713534644411
E/DEBUG_KRISTJANS( 4749): 0.09579916896892726
E/DEBUG_KRISTJANS( 4749): 0.07659041545972478
E/DEBUG_KRISTJANS( 4749): 1.1011897498569567E-4
E/DEBUG_KRISTJANS( 4749): 0.04762150342957128
E/DEBUG_KRISTJANS( 4749): 0.008986344599609453
E/DEBUG_KRISTJANS( 4749): 0.057566713343373266
E/DEBUG_KRISTJANS( 4749): 3.4635657718418145E-4
E/DEBUG_KRISTJANS( 4749): 0.0659383352617624
E/DEBUG_KRISTJANS( 4749): 0.08493819079636111
E/DEBUG_KRISTJANS( 4749): 0.06706712718386676
E/DEBUG_KRISTJANS( 4749): 0.05706700215537275
E/DEBUG_KRISTJANS( 4749): 0.037912294721014206
E/DEBUG_KRISTJANS( 4749): 0.010140041681795608
E/DEBUG_KRISTJANS( 4749): 0.1150194389164696
E/DEBUG_KRISTJANS( 4749): 0.04802036173395585
E/DEBUG_KRISTJANS( 4749): 0.03781984639321223
E/DEBUG_KRISTJANS( 4749): 0.04782002220060022
E/DEBUG_KRISTJANS( 4749): 0.03882798442372959
E/DEBUG_KRISTJANS( 4749): 0.020089066597400063
E/DEBUG_KRISTJANS( 4749): 2.7453246792141783E-4
E/DEBUG_KRISTJANS( 4749): 0.08608161549103244
E/DEBUG_KRISTJANS( 4749): 0.03905019953191058
E/DEBUG_KRISTJANS( 4749): 0.018929343517470443
E/DEBUG_KRISTJANS( 4749): 0.05633093992813265
E/DEBUG_KRISTJANS( 4749): 0.02959826947123112
E/DEBUG_KRISTJANS( 4749): 0.13396046853064192
E/DEBUG_KRISTJANS( 4749): 0.06694160853563069
E/DEBUG_KRISTJANS( 4749): 5.972333766735005E-5
E/DEBUG_KRISTJANS( 4749): 0.038012049856380514
E/DEBUG_KRISTJANS( 4749): 0.0190132689236151
E/DEBUG_KRISTJANS( 4749): 0.028846404297757644
E/DEBUG_KRISTJANS( 4749): 0.02893350028588415
E/DEBUG_KRISTJANS( 4749): 0.02851229577899339
E/DEBUG_KRISTJANS( 4749): 0.04756845539625765
E/DEBUG_KRISTJANS( 4749): 0.028860596904280555
E/DEBUG_KRISTJANS( 4749): 0.008410178867922724
E/DEBUG_KRISTJANS( 4749): 0.04784305225651586
E/DEBUG_KRISTJANS( 4749): 0.12320252352630234
E/DEBUG_KRISTJANS( 4749): 0.07623200523056006
E/DEBUG_KRISTJANS( 4749): 0.03785488707742779
E/DEBUG_KRISTJANS( 4749): 0.04729060850145217
E/DEBUG_KRISTJANS( 4749): 0.05731124001067478
E/DEBUG_KRISTJANS( 4749): 0.08594812296020038
E/DEBUG_KRISTJANS( 4749): 0.03784573846155759
E/DEBUG_KRISTJANS( 4749): 6.980436284642622E-5
E/DEBUG_KRISTJANS( 4749): 0.028897463603238194
E/DEBUG_KRISTJANS( 4749): 0.009512409148387135
E/DEBUG_KRISTJANS( 4749): 0.028630972582160297
E/CellLocation(  590): create GsmCellLocation
E/DEBUG_KRISTJANS( 4749): 0.019034539933139527
E/CellLocation(  590): create GsmCellLocation
E/CellLocation(  861): create GsmCellLocation
E/CellLocation(  891): create GsmCellLocation
E/CellLocation(13179): create GsmCellLocation
E/CellLocation( 5813): create GsmCellLocation
E/DEBUG_KRISTJANS( 4749): 0.0578549004126252
E/CellLocation(  891): create GsmCellLocation
E/DEBUG_KRISTJANS( 4749): 0.058247145718620885
E/DEBUG_KRISTJANS( 4749): 8.361652851487378E-4
E/DEBUG_KRISTJANS( 4749): 0.0678282155648624
E/DEBUG_KRISTJANS( 4749): 0.08588599776877182
E/DEBUG_KRISTJANS( 4749): 0.010390813300050539
E/DEBUG_KRISTJANS( 4749): 0.14430826567081922
E/DEBUG_KRISTJANS( 4749): 0.0957968376268088
E/DEBUG_KRISTJANS( 4749): 0.1711232104604612
E/DEBUG_KRISTJANS( 4749): 0.03743153848113323
E/DEBUG_KRISTJANS( 4749): 0.15221883823901194
E/DEBUG_KRISTJANS( 4749): 0.12405509234049816
E/DEBUG_KRISTJANS( 4749): 0.04800320584524087
E/DEBUG_KRISTJANS( 4749): 0.02893337925152295
E/DEBUG_KRISTJANS( 4749): 0.08671769527305706
E/DEBUG_KRISTJANS( 4749): 0.09556184911992816
E/DEBUG_KRISTJANS( 4749): 0.21104907395831063
E/DEBUG_KRISTJANS( 4749): 0.02953232971280606
E/FWKEXT  (  590): Enter GetCurrentOP
E/FWKEXT  (  590): Enter GetCurrentOP
E/DEBUG_KRISTJANS( 4749): 0.018171324457952664
E/CellLocation(  590): create GsmCellLocation
E/CellLocation(  861): create GsmCellLocation
E/CellLocation(  891): create GsmCellLocation
E/CellLocation(  590): create GsmCellLocation
E/CellLocation(13179): create GsmCellLocation
E/DEBUG_KRISTJANS( 4749): 0.018724711516888703
E/DEBUG_KRISTJANS( 4749): 0.05728561653570985
E/CellLocation(  891): create GsmCellLocation
E/CellLocation( 5813): create GsmCellLocation
E/CellLocation(13179): create GsmCellLocation
E/CellLocation( 5813): create GsmCellLocation
E/DEBUG_KRISTJANS( 4749): 0.009424638744867764
E/DEBUG_KRISTJANS( 4749): 1.1814049801090647
E/DEBUG_KRISTJANS( 4749): 2.483811991095326
E/DEBUG_KRISTJANS( 4749): 5.156525239607504
E/DEBUG_KRISTJANS( 4749): 4.544829178933194
E/DEBUG_KRISTJANS( 4749): 0.05269196783857488
E/DEBUG_KRISTJANS( 4749): 0.02645709822795439
E/DEBUG_KRISTJANS( 4749): 0.14017539531430856
E/DEBUG_KRISTJANS( 4749): 0.012388991293816431
E/DEBUG_KRISTJANS( 4749): 0.03637350133781325
E/DEBUG_KRISTJANS( 4749): 0.0010654554896571966
E/DEBUG_KRISTJANS( 4749): 0.08338513502641831
E/DEBUG_KRISTJANS( 4749): 0.008445420556288497
E/DEBUG_KRISTJANS( 4749): 0.046387606359706623
E/DEBUG_KRISTJANS( 4749): 0.13242713642062753
E/DEBUG_KRISTJANS( 4749): 0.09262395865915884
E/DEBUG_KRISTJANS( 4749): 0.09980524313759709
E/DEBUG_KRISTJANS( 4749): 0.053862749161487145
E/DEBUG_KRISTJANS( 4749): 0.023471044815936537
E/DEBUG_KRISTJANS( 4749): 0.07878927152020232
E/DEBUG_KRISTJANS( 4749): 0.09152722514887479
E/DEBUG_KRISTJANS( 4749): 0.05543958222547474
E/DEBUG_KRISTJANS( 4749): 0.06396087651497062
E/DEBUG_KRISTJANS( 4749): 0.07364892534813805
E/DEBUG_KRISTJANS( 4749): 0.016421934497866886
E/DEBUG_KRISTJANS( 4749): 0.04387073455542634
E/DEBUG_KRISTJANS( 4749): 0.025372600181523097
E/DEBUG_KRISTJANS( 4749): 0.04371743487978108
E/DEBUG_KRISTJANS( 4749): 0.04817023762567274
E/DEBUG_KRISTJANS( 4749): 0.08625579509506842
E/DEBUG_KRISTJANS( 4749): 0.008853635702543272
E/DEBUG_KRISTJANS( 4749): 0.031979277413238805
E/DEBUG_KRISTJANS( 4749): 0.03536051021530895
E/DEBUG_KRISTJANS( 4749): 0.04773749949419326
E/DEBUG_KRISTJANS( 4749): 0.07336001495409761
E/DEBUG_KRISTJANS( 4749): 0.11098692538736188
E/DEBUG_KRISTJANS( 4749): 0.01919316563057727
E/DEBUG_KRISTJANS( 4749): 0.05682007606384154
E/DEBUG_KRISTJANS( 4749): 0.016209116212207775
E/DEBUG_KRISTJANS( 4749): 0.003549266598060541
E/DEBUG_KRISTJANS( 4749): 0.019217460753353066
E/DEBUG_KRISTJANS( 4749): 0.0366202223635117
E/DEBUG_KRISTJANS( 4749): 0.0658861013669636
E/DEBUG_KRISTJANS( 4749): 0.10999939944749215
E/DEBUG_KRISTJANS( 4749): 0.024229744170972012
E/DEBUG_KRISTJANS( 4749): 0.0685709223985036
E/DEBUG_KRISTJANS( 4749): 0.04363709754351497
E/DEBUG_KRISTJANS( 4749): 0.0249056053441592
E/DEBUG_KRISTJANS( 4749): 0.0840608698809664
E/DEBUG_KRISTJANS( 4749): 0.008441059410850826
E/DEBUG_KRISTJANS( 4749): 0.07678479672853022
E/DEBUG_KRISTJANS( 4749): 0.018675743701917824
E/DEBUG_KRISTJANS( 4749): 0.0578269971401717
E/DEBUG_KRISTJANS( 4749): 0.020622712334947835
E/DEBUG_KRISTJANS( 4749): 0.008885875467107951
E/DEBUG_KRISTJANS( 4749): 0.07279056458107291
E/DEBUG_KRISTJANS( 4749): 0.15913340082897243
E/DEBUG_KRISTJANS( 4749): 0.0944509122105579
E/DEBUG_KRISTJANS( 4749): 0.035281345873404035
E/DEBUG_KRISTJANS( 4749): 0.008393921272800142
E/DEBUG_KRISTJANS( 4749): 0.03477149449660821
E/DEBUG_KRISTJANS( 4749): 0.03516826259947692
E/DEBUG_KRISTJANS( 4749): 1.3271800520797683E-4
E/DEBUG_KRISTJANS( 4749): 0.07606284341611236
E/DEBUG_KRISTJANS( 4749): 0.11124496865416234
E/DEBUG_KRISTJANS( 4749): 0.0012209374651384053
E/DEBUG_KRISTJANS( 4749): 0.016195213412879994
E/DEBUG_KRISTJANS( 4749): 0.05796711731832893
E/DEBUG_KRISTJANS( 4749): 0.04643184660157296
E/DEBUG_KRISTJANS( 4749): 0.0720110192657284
E/DEBUG_KRISTJANS( 4749): 0.04773313009340363
E/DEBUG_KRISTJANS( 4749): 0.04972180272410398
E/DEBUG_KRISTJANS( 4749): 0.020906866726591034
E/DEBUG_KRISTJANS( 4749): 0.06436486124097662
E/DEBUG_KRISTJANS( 4749): 0.00873026805855659
E/DEBUG_KRISTJANS( 4749): 0.008480422680799293
E/DEBUG_KRISTJANS( 4749): 0.04680414458500337
E/DEBUG_KRISTJANS( 4749): 0.05815711432195947
E/DEBUG_KRISTJANS( 4749): 0.022308078173061574
E/DEBUG_KRISTJANS( 4749): 0.09527160637274257
E/DEBUG_KRISTJANS( 4749): 0.06714212938346975
E/DEBUG_KRISTJANS( 4749): 0.06780861754204892
E/DEBUG_KRISTJANS( 4749): 0.06700978165838478
E/DEBUG_KRISTJANS( 4749): 0.028911693173213848
E/DEBUG_KRISTJANS( 4749): 0.025629697065662427
E/DEBUG_KRISTJANS( 4749): 0.02681030963225517
E/DEBUG_KRISTJANS( 4749): 0.0214889290778828
E/DEBUG_KRISTJANS( 4749): 0.01561588791223123
E/DEBUG_KRISTJANS( 4749): 0.04496382151566536
E/DEBUG_KRISTJANS( 4749): 0.02039630302286355
E/DEBUG_KRISTJANS( 4749): 0.28344541287500036
E/DEBUG_KRISTJANS( 4749): 0.039666967907878714
E/DEBUG_KRISTJANS( 4749): 2.8268979033404875
E/DEBUG_KRISTJANS( 4749): 16.34794395897407
E/DEBUG_KRISTJANS( 4749): 7.345264044765649
E/DEBUG_KRISTJANS( 4749): 3.593980915612539
E/DEBUG_KRISTJANS( 4749): 5.081211764354363
E/DEBUG_KRISTJANS( 4749): 8.520130640507611
E/DEBUG_KRISTJANS( 4749): 0.7350863777434444
E/DEBUG_KRISTJANS( 4749): 0.06829780507673
E/DEBUG_KRISTJANS( 4749): 0.41004016076892214
E/DEBUG_KRISTJANS( 4749): 0.12045786322138596
E/DEBUG_KRISTJANS( 4749): 0.0021883242543623282
E/DEBUG_KRISTJANS( 4749): 0.06226435133046948
E/DEBUG_KRISTJANS( 4749): 0.009824762045028024
E/DEBUG_KRISTJANS( 4749): 0.11500294735709282
E/DEBUG_KRISTJANS( 4749): 0.02405698779250187
E/DEBUG_KRISTJANS( 4749): 0.010420181361229908
E/DEBUG_KRISTJANS( 4749): 0.04413615789426295
E/DEBUG_KRISTJANS( 4749): 0.02328866689935083
E/DEBUG_KRISTJANS( 4749): 0.03849481887825945
E/DEBUG_KRISTJANS( 4749): 0.029936380977902743
E/DEBUG_KRISTJANS( 4749): 0.009257063471553195
E/DEBUG_KRISTJANS( 4749): 0.01740846496156223
E/DEBUG_KRISTJANS( 4749): 0.08122947579773943
E/DEBUG_KRISTJANS( 4749): 0.0696132209680922
E/DEBUG_KRISTJANS( 4749): 0.0011738372170970734
E/DEBUG_KRISTJANS( 4749): 0.11750844532877025
E/DEBUG_KRISTJANS( 4749): 0.07074509618673908
E/DEBUG_KRISTJANS( 4749): 0.050027848803326336
E/DEBUG_KRISTJANS( 4749): 0.11662664630283359
E/DEBUG_KRISTJANS( 4749): 0.0278789612502095
E/DEBUG_KRISTJANS( 4749): 0.04697890189716247
E/DEBUG_KRISTJANS( 4749): 0.009740452470651917
E/DEBUG_KRISTJANS( 4749): 0.10901045068451509
E/DEBUG_KRISTJANS( 4749): 0.0048310805344353724
E/DEBUG_KRISTJANS( 4749): 0.0521471457051188
E/DEBUG_KRISTJANS( 4749): 0.04345112320480915
E/DEBUG_KRISTJANS( 4749): 0.04651653318658333
E/DEBUG_KRISTJANS( 4749): 0.05280548484673098
E/DEBUG_KRISTJANS( 4749): 0.03489449622500729
E/DEBUG_KRISTJANS( 4749): 0.06367237110873525
E/DEBUG_KRISTJANS( 4749): 0.034950413733415786
E/DEBUG_KRISTJANS( 4749): 0.010192555681323157
E/DEBUG_KRISTJANS( 4749): 0.009853728757880376
E/DEBUG_KRISTJANS( 4749): 0.03693440585995411
E/DEBUG_KRISTJANS( 4749): 0.013886952157029953
E/DEBUG_KRISTJANS( 4749): 0.060186055868935995
E/DEBUG_KRISTJANS( 4749): 0.009087986599416453
E/DEBUG_KRISTJANS( 4749): 0.05571141897666898
E/DEBUG_KRISTJANS( 4749): 0.07832375443250861
E/DEBUG_KRISTJANS( 4749): 0.02105513726183439
E/DEBUG_KRISTJANS( 4749): 0.049075904528548264
E/DEBUG_KRISTJANS( 4749): 1.935007220321694E-4
E/DEBUG_KRISTJANS( 4749): 0.21072110793487298
E/DEBUG_KRISTJANS( 4749): 0.2589825546198856
E/DEBUG_KRISTJANS( 4749): 0.045048110720987466
E/DEBUG_KRISTJANS( 4749): 0.026520085212473177
E/DEBUG_KRISTJANS( 4749): 0.009146065640113221
E/DEBUG_KRISTJANS( 4749): 0.05458872046798291
E/DEBUG_KRISTJANS( 4749): 0.10140619183221489
E/DEBUG_KRISTJANS( 4749): 0.006722013636672131
E/DEBUG_KRISTJANS( 4749): 0.021629124241401954
E/DEBUG_KRISTJANS( 4749): 0.001998855395539678
E/DEBUG_KRISTJANS( 4749): 0.00481284323488218
E/DEBUG_KRISTJANS( 4749): 0.10918357181710192
E/DEBUG_KRISTJANS( 4749): 0.04816048938580586
E/DEBUG_KRISTJANS( 4749): 0.07171322585553952
E/DEBUG_KRISTJANS( 4749): 0.06759754503857707
E/DEBUG_KRISTJANS( 4749): 0.001530526499589513
E/DEBUG_KRISTJANS( 4749): 0.017146044841565455
E/DEBUG_KRISTJANS( 4749): 0.04903944553205086
E/DEBUG_KRISTJANS( 4749): 0.03655567718780439
E/DEBUG_KRISTJANS( 4749): 0.03578060992753329
E/DEBUG_KRISTJANS( 4749): 0.0017928992993923032
E/DEBUG_KRISTJANS( 4749): 0.04630879588210135
E/DEBUG_KRISTJANS( 4749): 0.008275626803474267
E/DEBUG_KRISTJANS( 4749): 0.01921413574264541
E/DEBUG_KRISTJANS( 4749): 0.014494946720562396
E/DEBUG_KRISTJANS( 4749): 0.0014125215789082546
E/DEBUG_KRISTJANS( 4749): 0.010530098804604648
E/DEBUG_KRISTJANS( 4749): 2.809207467411312E-4
E/DEBUG_KRISTJANS( 4749): 0.018165039682530804
E/DEBUG_KRISTJANS( 4749): 0.04050622727255515
E/DEBUG_KRISTJANS( 4749): 0.06223888001734146
E/DEBUG_KRISTJANS( 4749): 0.12197566303280993
E/DEBUG_KRISTJANS( 4749): 0.047602514992965084
E/DEBUG_KRISTJANS( 4749): 0.028765101514569125
E/DEBUG_KRISTJANS( 4749): 3.9314226451736545E-4
E/CellLocation( 5813): create GsmCellLocation
E/CellLocation(13179): create GsmCellLocation
E/DEBUG_KRISTJANS( 4749): 0.05546936090327037
E/DEBUG_KRISTJANS( 4749): 0.008522615221336238
E/DEBUG_KRISTJANS( 4749): 0.054322184996891565
E/DEBUG_KRISTJANS( 4749): 0.0023469838451202207
E/DEBUG_KRISTJANS( 4749): 0.0626252317739695
E/DEBUG_KRISTJANS( 4749): 0.026176052723188903
E/DEBUG_KRISTJANS( 4749): 0.03251066754688736
E/DEBUG_KRISTJANS( 4749): 0.006787092287481755
E/DEBUG_KRISTJANS( 4749): 0.028239147386520003
E/DEBUG_KRISTJANS( 4749): 0.006447875795760893
E/DEBUG_KRISTJANS( 4749): 0.035288698975907806
E/DEBUG_KRISTJANS( 4749): 0.051712377248685826
E/DEBUG_KRISTJANS( 4749): 0.07044597313428191
E/DEBUG_KRISTJANS( 4749): 0.06305288724949065
E/DEBUG_KRISTJANS( 4749): 0.0637900075865705
E/DEBUG_KRISTJANS( 4749): 9.649819717303387E-4
E/DEBUG_KRISTJANS( 4749): 0.03599054382760691
E/DEBUG_KRISTJANS( 4749): 0.04367525586593324
E/DEBUG_KRISTJANS( 4749): 0.07440095677458736
E/DEBUG_KRISTJANS( 4749): 0.04018894827813568
E/DEBUG_KRISTJANS( 4749): 0.08537827968277156
E/DEBUG_KRISTJANS( 4749): 0.0030922319277433274
E/DEBUG_KRISTJANS( 4749): 0.07557060310995567
E/DEBUG_KRISTJANS( 4749): 0.057698541517948954
E/DEBUG_KRISTJANS( 4749): 0.15494793703513565
E/CellLocation( 5813): create GsmCellLocation
E/CellLocation(13179): create GsmCellLocation
E/DEBUG_KRISTJANS( 4749): 0.04651301951281006
E/DEBUG_KRISTJANS( 4749): 0.07267311837014212
E/DEBUG_KRISTJANS( 4749): 0.08970837444992874
E/DEBUG_KRISTJANS( 4749): 0.03132566457315633
E/DEBUG_KRISTJANS( 4749): 0.07351296309027155
E/DEBUG_KRISTJANS( 4749): 0.2160685307330361
E/DEBUG_KRISTJANS( 4749): 0.4136396875638706
E/DEBUG_KRISTJANS( 4749): 2.3535355253289634
E/DEBUG_KRISTJANS( 4749): 3.4042683814752035
E/DEBUG_KRISTJANS( 4749): 9.766924855133022
E/DEBUG_KRISTJANS( 4749): 2.387928235209661
E/DEBUG_KRISTJANS( 4749): 0.3866148892675998
E/CellLocation(  590): create GsmCellLocation
E/CellLocation(  861): create GsmCellLocation
E/CellLocation(  590): create GsmCellLocation
E/CellLocation(  891): create GsmCellLocation
E/CellLocation( 5813): create GsmCellLocation
E/CellLocation(13179): create GsmCellLocation
E/CellLocation(  891): create GsmCellLocation
E/DEBUG_KRISTJANS( 4749): 3.2037633244245116
E/DEBUG_KRISTJANS( 4749): 4.053733286549054
E/DEBUG_KRISTJANS( 4749): 2.605495457366011
E/DEBUG_KRISTJANS( 4749): 0.11895272424259495
E/DEBUG_KRISTJANS( 4749): 0.5164514659803956
E/DEBUG_KRISTJANS( 4749): 1.3915431610641527
E/DEBUG_KRISTJANS( 4749): 0.05577961269664122
E/DEBUG_KRISTJANS( 4749): 0.019165376486874663
E/DEBUG_KRISTJANS( 4749): 0.07387900342934728
E/DEBUG_KRISTJANS( 4749): 0.05479796756470634
E/DEBUG_KRISTJANS( 4749): 0.05933858807611969
E/DEBUG_KRISTJANS( 4749): 0.020196433219437537
E/DEBUG_KRISTJANS( 4749): 0.06706385906114853
E/DEBUG_KRISTJANS( 4749): 0.10605867348557396
E/DEBUG_KRISTJANS( 4749): 0.08575002641920904
E/DEBUG_KRISTJANS( 4749): 0.04675911663253096
E/DEBUG_KRISTJANS( 4749): 0.03774289816485776
E/CellLocation(  590): create GsmCellLocation
E/CellLocation(  861): create GsmCellLocation
E/CellLocation(  590): create GsmCellLocation
E/DEBUG_KRISTJANS( 4749): 0.05769733315907999
E/CellLocation(13179): create GsmCellLocation
E/CellLocation( 5813): create GsmCellLocation
E/CellLocation(  891): create GsmCellLocation
E/DEBUG_KRISTJANS( 4749): 2.4684981262446115E-4
E/CellLocation(  891): create GsmCellLocation
E/CellLocation(13179): create GsmCellLocation
E/CellLocation( 5813): create GsmCellLocation
E/DEBUG_KRISTJANS( 4749): 0.03846394192023084
E/DEBUG_KRISTJANS( 4749): 0.028992331194391596
E/DEBUG_KRISTJANS( 4749): 0.04676597559700113
E/DEBUG_KRISTJANS( 4749): 0.02808562911256729
E/DEBUG_KRISTJANS( 4749): 0.057500994138925066
E/DEBUG_KRISTJANS( 4749): 0.105420531708452
E/DEBUG_KRISTJANS( 4749): 3.3495948503770023E-4
E/DEBUG_KRISTJANS( 4749): 0.19108500248096583
E/DEBUG_KRISTJANS( 4749): 0.018878994558203743
E/DEBUG_KRISTJANS( 4749): 0.009120368517722355
E/DEBUG_KRISTJANS( 4749): 0.0770543357528588
E/DEBUG_KRISTJANS( 4749): 0.028936494876420582
E/DEBUG_KRISTJANS( 4749): 0.009682278978630166
E/DEBUG_KRISTJANS( 4749): 0.07677963686514744
E/FWKEXT  (  590): Enter GetCurrentOP
E/FWKEXT  (  590): Enter GetCurrentOP
E/DEBUG_KRISTJANS( 4749): 0.048131145595508684
E/DEBUG_KRISTJANS( 4749): 0.048068151304610396
E/DEBUG_KRISTJANS( 4749): 0.16287427859792736
E/DEBUG_KRISTJANS( 4749): 0.06698053086080158
E/DEBUG_KRISTJANS( 4749): 0.07603822751302403
E/DEBUG_KRISTJANS( 4749): 0.028476539032665116
E/DEBUG_KRISTJANS( 4749): 0.04830223040858783
E/DEBUG_KRISTJANS( 4749): 6.090071412749865E-4
E/DEBUG_KRISTJANS( 4749): 0.08627316888842884
E/DEBUG_KRISTJANS( 4749): 0.05708693264098663
E/DEBUG_KRISTJANS( 4749): 0.06510712906312044
E/DEBUG_KRISTJANS( 4749): 0.0563738006458383
E/DEBUG_KRISTJANS( 4749): 0.04795626829402799
E/DEBUG_KRISTJANS( 4749): 0.04773921142606241
E/DEBUG_KRISTJANS( 4749): 0.06686037555797064
E/DEBUG_KRISTJANS( 4749): 0.020207309801596907
E/DEBUG_KRISTJANS( 4749): 0.020118225682020707
E/DEBUG_KRISTJANS( 4749): 0.047798655744740515
E/DEBUG_KRISTJANS( 4749): 0.0376989416801603
E/DEBUG_KRISTJANS( 4749): 0.03820325581910389
E/DEBUG_KRISTJANS( 4749): 0.019016870670801822
E/DEBUG_KRISTJANS( 4749): 0.009016908539733137
E/DEBUG_KRISTJANS( 4749): 0.048050353927617806
E/DEBUG_KRISTJANS( 4749): 0.02893964630176349
E/DEBUG_KRISTJANS( 4749): 0.07573968816580567
E/DEBUG_KRISTJANS( 4749): 0.18152559197451446
E/DEBUG_KRISTJANS( 4749): 0.061660941231442834
E/DEBUG_KRISTJANS( 4749): 0.09270357249641847
E/DEBUG_KRISTJANS( 4749): 0.11595301269378133
E/DEBUG_KRISTJANS( 4749): 0.3643066079491213
E/DEBUG_KRISTJANS( 4749): 0.06100445950751876
E/DEBUG_KRISTJANS( 4749): 0.2162989521700105
E/DEBUG_KRISTJANS( 4749): 0.2234142922607827
E/DEBUG_KRISTJANS( 4749): 0.02102184551707076
E/DEBUG_KRISTJANS( 4749): 0.03903298511664488
E/DEBUG_KRISTJANS( 4749): 0.06403747180677577
E/DEBUG_KRISTJANS( 4749): 0.0353537776232109
E/DEBUG_KRISTJANS( 4749): 0.006547637603022238
E/DEBUG_KRISTJANS( 4749): 0.017667769145303325
E/DEBUG_KRISTJANS( 4749): 0.01898542240067158
E/DEBUG_KRISTJANS( 4749): 0.027248572128176107
E/DEBUG_KRISTJANS( 4749): 0.05722531098417605
E/DEBUG_KRISTJANS( 4749): 0.021349421727885343
E/DEBUG_KRISTJANS( 4749): 0.03686512432518185
E/DEBUG_KRISTJANS( 4749): 0.01756532492581364
E/DEBUG_KRISTJANS( 4749): 6.023584737242516E-4
E/DEBUG_KRISTJANS( 4749): 0.01779729037373734
E/DEBUG_KRISTJANS( 4749): 0.0695645443734989
E/DEBUG_KRISTJANS( 4749): 0.018693931017436327
E/DEBUG_KRISTJANS( 4749): 0.17088660952296308
E/DEBUG_KRISTJANS( 4749): 0.37044074308036024
E/DEBUG_KRISTJANS( 4749): 0.07804178353668512
E/DEBUG_KRISTJANS( 4749): 8.668602176515952
E/DEBUG_KRISTJANS( 4749): 3.450053840231722
E/DEBUG_KRISTJANS( 4749): 1.6563391119743125
E/DEBUG_KRISTJANS( 4749): 3.748111536123286
E/DEBUG_KRISTJANS( 4749): 0.06767136854672628
E/DEBUG_KRISTJANS( 4749): 0.03247037257969154
E/DEBUG_KRISTJANS( 4749): 0.030062301311609474
E/DEBUG_KRISTJANS( 4749): 0.06969241270799031
E/DEBUG_KRISTJANS( 4749): 0.05193245951852177
E/DEBUG_KRISTJANS( 4749): 0.02158762373716172
E/DEBUG_KRISTJANS( 4749): 0.031623944540024596
E/DEBUG_KRISTJANS( 4749): 0.02692008729544426
E/DEBUG_KRISTJANS( 4749): 0.04576036530620087
E/DEBUG_KRISTJANS( 4749): 0.09950974377323618
E/DEBUG_KRISTJANS( 4749): 1.2213490528294901
E/DEBUG_KRISTJANS( 4749): 1.0444633673810468
E/DEBUG_KRISTJANS( 4749): 0.1538368876607361
E/DEBUG_KRISTJANS( 4749): 0.01051644291458409
E/DEBUG_KRISTJANS( 4749): 0.0372866086017698
E/DEBUG_KRISTJANS( 4749): 0.05703455942410862
E/DEBUG_KRISTJANS( 4749): 0.02796676791769137
E/DEBUG_KRISTJANS( 4749): 0.00889353116456526
E/DEBUG_KRISTJANS( 4749): 0.010212426515572304
E/DEBUG_KRISTJANS( 4749): 0.07703718036665386
E/DEBUG_KRISTJANS( 4749): 0.08610587649602586
E/DEBUG_KRISTJANS( 4749): 0.05719317907220045
E/DEBUG_KRISTJANS( 4749): 0.018823303551867454
E/DEBUG_KRISTJANS( 4749): 0.06687934386938821
E/DEBUG_KRISTJANS( 4749): 0.029057099987412016
E/DEBUG_KRISTJANS( 4749): 1.945844426032295E-5
E/DEBUG_KRISTJANS( 4749): 0.010253609435601163
E/DEBUG_KRISTJANS( 4749): 0.02898481134555908
E/DEBUG_KRISTJANS( 4749): 0.05664612419491455
E/DEBUG_KRISTJANS( 4749): 0.037877161442061436
E/DEBUG_KRISTJANS( 4749): 0.028888803249589756
E/DEBUG_KRISTJANS( 4749): 1.4407591445930734E-4
E/DEBUG_KRISTJANS( 4749): 0.12548444238749745
E/DEBUG_KRISTJANS( 4749): 0.0675538910221114
E/DEBUG_KRISTJANS( 4749): 0.009694665808872571
E/DEBUG_KRISTJANS( 4749): 0.0670229109102678
E/DEBUG_KRISTJANS( 4749): 0.04823137505811559
E/DEBUG_KRISTJANS( 4749): 0.07591693197232452
E/DEBUG_KRISTJANS( 4749): 0.07581985056566687
E/DEBUG_KRISTJANS( 4749): 0.09481354055506941
E/DEBUG_KRISTJANS( 4749): 0.09479324115917187
E/DEBUG_KRISTJANS( 4749): 0.018914149797277346
E/DEBUG_KRISTJANS( 4749): 0.12219758458553187
E/DEBUG_KRISTJANS( 4749): 0.16294008438408802
E/DEBUG_KRISTJANS( 4749): 0.09706764604977991
E/DEBUG_KRISTJANS( 4749): 0.07553288954344595
E/DEBUG_KRISTJANS( 4749): 0.027992389496660053
E/CellLocation(  590): create GsmCellLocation
E/DEBUG_KRISTJANS( 4749): 0.027746881020279446
E/CellLocation(  590): create GsmCellLocation
E/CellLocation(  891): create GsmCellLocation
E/CellLocation(  861): create GsmCellLocation
E/DEBUG_KRISTJANS( 4749): 0.06689437070097703
E/CellLocation(13179): create GsmCellLocation
E/CellLocation(  891): create GsmCellLocation
E/CellLocation( 5813): create GsmCellLocation
E/DEBUG_KRISTJANS( 4749): 0.03899890309353182
E/DEBUG_KRISTJANS( 4749): 0.028205603108412802
E/DEBUG_KRISTJANS( 4749): 0.04717066179219209
E/DEBUG_KRISTJANS( 4749): 0.12476253980641339
E/DEBUG_KRISTJANS( 4749): 0.08673112514492054
E/DEBUG_KRISTJANS( 4749): 1.2639593056640308E-4
E/DEBUG_KRISTJANS( 4749): 0.03787240624333599
E/DEBUG_KRISTJANS( 4749): 0.028793410720940216
E/DEBUG_KRISTJANS( 4749): 0.12404650782196214
E/DEBUG_KRISTJANS( 4749): 0.06705203175516772
E/DEBUG_KRISTJANS( 4749): 0.009967926552217676
E/DEBUG_KRISTJANS( 4749): 0.05771921742434216
E/DEBUG_KRISTJANS( 4749): 0.008985362957099952
E/DEBUG_KRISTJANS( 4749): 0.04799912584090826
E/DEBUG_KRISTJANS( 4749): 6.895322654720815E-5
E/DEBUG_KRISTJANS( 4749): 0.07568068935294292
E/DEBUG_KRISTJANS( 4749): 0.06679139364491782
E/DEBUG_KRISTJANS( 4749): 0.02783864801822311
E/DEBUG_KRISTJANS( 4749): 0.06736275938216707
E/CellLocation(  590): create GsmCellLocation
E/DEBUG_KRISTJANS( 4749): 0.1141385839695328
E/CellLocation(  861): create GsmCellLocation
E/CellLocation(  590): create GsmCellLocation
E/CellLocation(  891): create GsmCellLocation
E/DEBUG_KRISTJANS( 4749): 0.10502348342412482
E/CellLocation( 5813): create GsmCellLocation
E/CellLocation( 5813): create GsmCellLocation
E/CellLocation(  891): create GsmCellLocation
E/CellLocation(13179): create GsmCellLocation
E/CellLocation(13179): create GsmCellLocation
E/DEBUG_KRISTJANS( 4749): 0.08595908270488728
E/DEBUG_KRISTJANS( 4749): 0.0667241780089256
E/DEBUG_KRISTJANS( 4749): 0.10590921305662526
E/DEBUG_KRISTJANS( 4749): 0.05808682396000009
E/DEBUG_KRISTJANS( 4749): 0.019209511964653814
E/DEBUG_KRISTJANS( 4749): 0.07683359299656445
E/DEBUG_KRISTJANS( 4749): 0.12458507571282951
E/DEBUG_KRISTJANS( 4749): 0.019639363921250208
E/DEBUG_KRISTJANS( 4749): 0.11554647802640439
E/DEBUG_KRISTJANS( 4749): 0.07491568937518345
E/DEBUG_KRISTJANS( 4749): 0.09518679133469377
E/DEBUG_KRISTJANS( 4749): 0.08441820510485165
E/DEBUG_KRISTJANS( 4749): 0.037986592195986546
E/DEBUG_KRISTJANS( 4749): 0.008800811051962398
E/DEBUG_KRISTJANS( 4749): 0.00899231259649902
E/DEBUG_KRISTJANS( 4749): 0.047894747736677346
E/DEBUG_KRISTJANS( 4749): 0.025751440692115324
E/CellLocation(  590): create GsmCellLocation
E/CellLocation(  861): create GsmCellLocation
E/CellLocation(  891): create GsmCellLocation
E/CellLocation(  590): create GsmCellLocation
E/CellLocation( 5813): create GsmCellLocation
E/CellLocation(13179): create GsmCellLocation
E/CellLocation(  891): create GsmCellLocation
E/DEBUG_KRISTJANS( 4749): 0.07371549609110062
E/DEBUG_KRISTJANS( 4749): 0.018841512282632422
E/DEBUG_KRISTJANS( 4749): 0.008910795846988506
E/DEBUG_KRISTJANS( 4749): 0.0858870917225385
E/DEBUG_KRISTJANS( 4749): 0.008939430197132836
E/DEBUG_KRISTJANS( 4749): 0.008876986971431577
E/DEBUG_KRISTJANS( 4749): 0.028375204521934094
E/DEBUG_KRISTJANS( 4749): 0.03940519816901045
E/DEBUG_KRISTJANS( 4749): 0.05595594855685171
E/DEBUG_KRISTJANS( 4749): 0.047656514826972085
E/DEBUG_KRISTJANS( 4749): 0.02794151899128039
E/DEBUG_KRISTJANS( 4749): 0.03681844887430863
E/DEBUG_KRISTJANS( 4749): 0.06652908708384153
E/DEBUG_KRISTJANS( 4749): 0.09422911967928016
E/DEBUG_KRISTJANS( 4749): 0.037230594037763964
E/DEBUG_KRISTJANS( 4749): 0.0666877930895815
E/DEBUG_KRISTJANS( 4749): 0.07573774072626094
E/CellLocation(  590): create GsmCellLocation
E/CellLocation(  590): create GsmCellLocation
E/DEBUG_KRISTJANS( 4749): 0.03751935964271347
E/CellLocation(  861): create GsmCellLocation
E/CellLocation(  891): create GsmCellLocation
E/CellLocation( 5813): create GsmCellLocation
E/CellLocation(13179): create GsmCellLocation
E/CellLocation(  891): create GsmCellLocation
E/DEBUG_KRISTJANS( 4749): 0.009852130733570164
E/CellLocation( 5813): create GsmCellLocation
E/CellLocation(13179): create GsmCellLocation
E/DEBUG_KRISTJANS( 4749): 0.03798840439135809
E/DEBUG_KRISTJANS( 4749): 0.056680313299914076
E/DEBUG_KRISTJANS( 4749): 0.05852993209493995
E/DEBUG_KRISTJANS( 4749): 0.07756645216287694
E/DEBUG_KRISTJANS( 4749): 0.13373501037566093
E/DEBUG_KRISTJANS( 4749): 0.07733345445863549
E/DEBUG_KRISTJANS( 4749): 0.04776755605786498
E/DEBUG_KRISTJANS( 4749): 0.15238480007711352
E/DEBUG_KRISTJANS( 4749): 0.3166000085694698
E/DEBUG_KRISTJANS( 4749): 0.4209710847792607
E/DEBUG_KRISTJANS( 4749): 0.01921195992869862
E/DEBUG_KRISTJANS( 4749): 0.0379227365463457
E/DEBUG_KRISTJANS( 4749): 0.010135517476838274
E/DEBUG_KRISTJANS( 4749): 0.018733143745038205
E/DEBUG_KRISTJANS( 4749): 4.0635913001452195E-4
E/DEBUG_KRISTJANS( 4749): 3.401710203476682E-5
E/DEBUG_KRISTJANS( 4749): 0.02774000378360597
E/DEBUG_KRISTJANS( 4749): 0.03853005090513051
E/DEBUG_KRISTJANS( 4749): 5.584147492641023E-4
E/DEBUG_KRISTJANS( 4749): 8.743465364151604E-4
E/DEBUG_KRISTJANS( 4749): 6.107490186355591E-4
E/DEBUG_KRISTJANS( 4749): 0.029175573781133224
E/DEBUG_KRISTJANS( 4749): 0.03776955285186645
E/DEBUG_KRISTJANS( 4749): 0.06650461941176644
E/DEBUG_KRISTJANS( 4749): 0.07661472404915237
E/DEBUG_KRISTJANS( 4749): 0.01011010463738593
E/DEBUG_KRISTJANS( 4749): 0.028924318098642487
E/DEBUG_KRISTJANS( 4749): 0.05678902372931738
E/DEBUG_KRISTJANS( 4749): 0.010102873741896445
E/DEBUG_KRISTJANS( 4749): 3.2052471179966346E-4
E/DEBUG_KRISTJANS( 4749): 0.04801636605849069
E/DEBUG_KRISTJANS( 4749): 0.10465834461643198
E/DEBUG_KRISTJANS( 4749): 0.10471909263726076
E/DEBUG_KRISTJANS( 4749): 0.01882440164144228
E/DEBUG_KRISTJANS( 4749): 0.01886574981659095
E/DEBUG_KRISTJANS( 4749): 0.09496596407521452
E/DEBUG_KRISTJANS( 4749): 0.056930425340722124
E/DEBUG_KRISTJANS( 4749): 0.037926356978411846
E/DEBUG_KRISTJANS( 4749): 7.083869753312655E-4
E/DEBUG_KRISTJANS( 4749): 1.0722545607632732
E/DEBUG_KRISTJANS( 4749): 1.112551241744825
E/DEBUG_KRISTJANS( 4749): 0.23976459945613726
E/DEBUG_KRISTJANS( 4749): 9.802285898103946E-4
E/DEBUG_KRISTJANS( 4749): 0.18105274006990868
E/DEBUG_KRISTJANS( 4749): 0.05988308890401406
E/DEBUG_KRISTJANS( 4749): 0.045241482566508395
E/DEBUG_KRISTJANS( 4749): 0.029219381517158638
E/DEBUG_KRISTJANS( 4749): 0.29218140189379227
E/DEBUG_KRISTJANS( 4749): 0.2451274993971957
E/DEBUG_KRISTJANS( 4749): 0.2180339019932731
E/cutils  (15178): to chown(/mnt/shell/emulated/0, 0, 0)
E/cutils  (15178): to chown(/mnt/shell/emulated/obb, 0, 0)
E/cutils  (15178): to chown(/storage/emulated/0/Android, 0, 0)
E/cutils  (15178): to chown(/storage/emulated/0/Android/obb, 0, 0)
E/DEBUG_KRISTJANS( 4749): 0.18064113903822054
E/DEBUG_KRISTJANS( 4749): 0.16887657362074648
E/dalvikvm(15178): Could not find class 'android.app.AppOpsManager', referenced from method com.google.android.gms.common.GooglePlayServicesUtil.zza
E/FWKEXT  (  590): Enter GetCurrentOP
E/FWKEXT  (  590): Enter GetCurrentOP
E/FWKEXT  (  590): Enter GetCurrentOP
E/FWKEXT  (  590): Enter GetCurrentOP
E/FWKEXT  (  590): Enter GetCurrentOP
E/FWKEXT  (  590): Enter GetCurrentOP
E/FWKEXT  (  590): Enter GetCurrentOP
E/FWKEXT  (  590): Enter GetCurrentOP
E/FWKEXT  (  590): Enter GetCurrentOP
E/FWKEXT  (  590): Enter GetCurrentOP
E/FWKEXT  (  590): Enter GetCurrentOP
E/FWKEXT  (  590): Enter GetCurrentOP
E/FWKEXT  (  590): Enter GetCurrentOP
E/FWKEXT  (  590): Enter GetCurrentOP
E/FWKEXT  (  590): Enter GetCurrentOP
E/FWKEXT  (  590): Enter GetCurrentOP
E/FWKEXT  (  590): Enter GetCurrentOP
E/FWKEXT  (  590): Enter GetCurrentOP
E/FWKEXT  (  590): Enter GetCurrentOP
E/FWKEXT  (  590): Enter GetCurrentOP
E/FWKEXT  (  590): Enter GetCurrentOP
E/FWKEXT  (  590): Enter GetCurrentOP
E/FWKEXT  (  590): Enter GetCurrentOP
E/FWKEXT  (  590): Enter GetCurrentOP
E/FWKEXT  (  590): Enter GetCurrentOP
E/FWKEXT  (  590): Enter GetCurrentOP
E/FWKEXT  (  590): Enter GetCurrentOP
E/FWKEXT  (  590): Enter GetCurrentOP
E/FWKEXT  (  590): Enter GetCurrentOP
E/FWKEXT  (  590): Enter GetCurrentOP
E/FWKEXT  (  590): Enter GetCurrentOP
E/FWKEXT  (  590): Enter GetCurrentOP
E/FWKEXT  (  590): Enter GetCurrentOP
E/FWKEXT  (  590): Enter GetCurrentOP
E/FWKEXT  (  590): Enter GetCurrentOP
E/FWKEXT  (  590): Enter GetCurrentOP
E/FWKEXT  (  590): Enter GetCurrentOP
E/FWKEXT  (  590): Enter GetCurrentOP
E/FWKEXT  (  590): Enter GetCurrentOP
E/FWKEXT  (  590): Enter GetCurrentOP
E/FWKEXT  (  590): Enter GetCurrentOP
E/FWKEXT  (  590): Enter GetCurrentOP
E/FWKEXT  (  590): Enter GetCurrentOP
E/FWKEXT  (  590): Enter GetCurrentOP
E/FWKEXT  (  590): Enter GetCurrentOP
E/FWKEXT  (  590): Enter GetCurrentOP
E/FWKEXT  (  590): Enter GetCurrentOP
E/FWKEXT  (  590): Enter GetCurrentOP
E/FWKEXT  (  590): Enter GetCurrentOP
E/FWKEXT  (  590): Enter GetCurrentOP
E/FWKEXT  (  590): Enter GetCurrentOP
E/FWKEXT  (  590): Enter GetCurrentOP
E/FWKEXT  (  590): Enter GetCurrentOP
E/FWKEXT  (  590): Enter GetCurrentOP
E/FWKEXT  (  590): Enter GetCurrentOP
E/FWKEXT  (  590): Enter GetCurrentOP
E/FWKEXT  (  590): Enter GetCurrentOP
E/FWKEXT  (  590): Enter GetCurrentOP
E/FWKEXT  (  590): Enter GetCurrentOP
E/FWKEXT  (  590): Enter GetCurrentOP
E/FWKEXT  (  590): Enter GetCurrentOP
E/FWKEXT  (  590): Enter GetCurrentOP
E/FWKEXT  (  590): Enter GetCurrentOP
E/FWKEXT  (  590): Enter GetCurrentOP
E/FWKEXT  (  590): Enter GetCurrentOP
E/FWKEXT  (  590): Enter GetCurrentOP
E/FWKEXT  (  590): Enter GetCurrentOP
E/FWKEXT  (  590): Enter GetCurrentOP
E/FWKEXT  (  590): Enter GetCurrentOP
E/FWKEXT  (  590): Enter GetCurrentOP
E/DEBUG_KRISTJANS( 4749): 0.016653738011932262
E/FWKEXT  (  590): Enter GetCurrentOP
E/FWKEXT  (  590): Enter GetCurrentOP
E/FWKEXT  (  590): Enter GetCurrentOP
E/FWKEXT  (  590): Enter GetCurrentOP
E/CellLocation(  861): create GsmCellLocation
E/FWKEXT  (  590): Enter GetCurrentOP
E/CellLocation(  590): create GsmCellLocation
E/CellLocation(  891): create GsmCellLocation
E/FWKEXT  (  590): Enter GetCurrentOP
E/FWKEXT  (  590): Enter GetCurrentOP
E/FWKEXT  (  590): Enter GetCurrentOP
E/FWKEXT  (  590): Enter GetCurrentOP
E/CellLocation(13179): create GsmCellLocation
E/CellLocation( 5813): create GsmCellLocation
E/CellLocation(  590): create GsmCellLocation
E/FWKEXT  (  590): Enter GetCurrentOP
E/FWKEXT  (  590): Enter GetCurrentOP
E/FWKEXT  (  590): Enter GetCurrentOP
E/FWKEXT  (  590): Enter GetCurrentOP
E/FWKEXT  (  590): Enter GetCurrentOP
E/FWKEXT  (  590): Enter GetCurrentOP
E/DEBUG_KRISTJANS( 4749): 0.006148841079626877
E/FWKEXT  (  590): Enter GetCurrentOP
E/FWKEXT  (  590): Enter GetCurrentOP
E/FWKEXT  (  590): Enter GetCurrentOP
E/FWKEXT  (  590): Enter GetCurrentOP
E/FWKEXT  (  590): Enter GetCurrentOP
E/FWKEXT  (  590): Enter GetCurrentOP
E/FWKEXT  (  590): Enter GetCurrentOP
E/FWKEXT  (  590): Enter GetCurrentOP
E/FWKEXT  (  590): Enter GetCurrentOP
E/FWKEXT  (  590): Enter GetCurrentOP
E/FWKEXT  (  590): Enter GetCurrentOP
E/CellLocation(  891): create GsmCellLocation
E/FWKEXT  (  590): Enter GetCurrentOP
E/FWKEXT  (  590): Enter GetCurrentOP
E/FWKEXT  (  590): Enter GetCurrentOP
E/FWKEXT  (  590): Enter GetCurrentOP
E/FWKEXT  (  590): Enter GetCurrentOP
E/FWKEXT  (  590): Enter GetCurrentOP
E/FWKEXT  (  590): Enter GetCurrentOP
E/FWKEXT  (  590): Enter GetCurrentOP
E/FWKEXT  (  590): Enter GetCurrentOP
E/FWKEXT  (  590): Enter GetCurrentOP
E/FWKEXT  (  590): Enter GetCurrentOP
E/FWKEXT  (  590): Enter GetCurrentOP
E/FWKEXT  (  590): Enter GetCurrentOP
E/FWKEXT  (  590): Enter GetCurrentOP
E/FWKEXT  (  590): Enter GetCurrentOP
E/FWKEXT  (  590): Enter GetCurrentOP
E/FWKEXT  (  590): Enter GetCurrentOP
E/FWKEXT  (  590): Enter GetCurrentOP
E/FWKEXT  (  590): Enter GetCurrentOP
E/FWKEXT  (  590): Enter GetCurrentOP
E/FWKEXT  (  590): Enter GetCurrentOP
E/FWKEXT  (  590): Enter GetCurrentOP
E/FWKEXT  (  590): Enter GetCurrentOP
E/FWKEXT  (  590): Enter GetCurrentOP
E/FWKEXT  (  590): Enter GetCurrentOP
E/FWKEXT  (  590): Enter GetCurrentOP
E/FWKEXT  (  590): Enter GetCurrentOP
E/FWKEXT  (  590): Enter GetCurrentOP
E/FWKEXT  (  590): Enter GetCurrentOP
E/FWKEXT  (  590): Enter GetCurrentOP
E/FWKEXT  (  590): Enter GetCurrentOP
E/FWKEXT  (  590): Enter GetCurrentOP
E/FWKEXT  (  590): Enter GetCurrentOP
E/FWKEXT  (  590): Enter GetCurrentOP
E/FWKEXT  (  590): Enter GetCurrentOP
E/FWKEXT  (  590): Enter GetCurrentOP
E/FWKEXT  (  590): Enter GetCurrentOP
E/FWKEXT  (  590): Enter GetCurrentOP
E/FWKEXT  (  590): Enter GetCurrentOP
E/FWKEXT  (  590): Enter GetCurrentOP
E/FWKEXT  (  590): Enter GetCurrentOP
E/FWKEXT  (  590): Enter GetCurrentOP
E/FWKEXT  (  590): Enter GetCurrentOP
E/FWKEXT  (  590): Enter GetCurrentOP
E/FWKEXT  (  590): Enter GetCurrentOP
E/FWKEXT  (  590): Enter GetCurrentOP
E/FWKEXT  (  590): Enter GetCurrentOP
E/FWKEXT  (  590): Enter GetCurrentOP
E/FWKEXT  (  590): Enter GetCurrentOP
E/FWKEXT  (  590): Enter GetCurrentOP
E/FWKEXT  (  590): Enter GetCurrentOP
E/FWKEXT  (  590): Enter GetCurrentOP
E/FWKEXT  (  590): Enter GetCurrentOP
E/FWKEXT  (  590): Enter GetCurrentOP
E/FWKEXT  (  590): Enter GetCurrentOP
E/FWKEXT  (  590): Enter GetCurrentOP
E/FWKEXT  (  590): Enter GetCurrentOP
E/FWKEXT  (  590): Enter GetCurrentOP
E/FWKEXT  (  590): Enter GetCurrentOP
E/FWKEXT  (  590): Enter GetCurrentOP
E/FWKEXT  (  590): Enter GetCurrentOP
E/FWKEXT  (  590): Enter GetCurrentOP
E/dalvikvm(15178): Could not find class 'android.app.AppOpsManager', referenced from method jgj.a
E/dalvikvm(15178): Could not find class 'javax.net.ssl.SNIHostName', referenced from method com.google.android.gms.org.conscrypt.Platform.getSSLParameters
E/dalvikvm(15178): Could not find class 'javax.net.ssl.SNIServerName', referenced from method com.google.android.gms.org.conscrypt.Platform.setSSLParameters
E/dalvikvm(15178): Could not find class 'com.google.android.gms.org.conscrypt.OpenSSLExtendedSessionImpl', referenced from method com.google.android.gms.org.conscrypt.Platform.wrapSSLSession
E/DEBUG_KRISTJANS( 4749): 0.2773298854173625
E/dalvikvm(15178): Could not find class 'com.google.android.gms.org.conscrypt.OpenSSLExtendedSessionImpl', referenced from method com.google.android.gms.org.conscrypt.SSLParametersImpl.getSessionToReuse
E/CellLocation(  891): create GsmCellLocation
E/CellLocation(  891): create GsmCellLocation
E/DEBUG_KRISTJANS( 4749): 0.07744899559267004
E/DEBUG_KRISTJANS( 4749): 0.011057823921936105
E/DEBUG_KRISTJANS( 4749): 0.2188135005342282
E/DEBUG_KRISTJANS( 4749): 0.10211073940084425
E/DEBUG_KRISTJANS( 4749): 0.0869450376600156
E/DEBUG_KRISTJANS( 4749): 0.1568922385109719
E/NativeCrypto(15178): ssl=0x5ce4a0a8 cert_verify_callback x509_store_ctx=0x5e564a88 arg=0x0
E/NativeCrypto(15178): ssl=0x5ce4a0a8 cert_verify_callback calling verifyCertificateChain authMethod=ECDHE_RSA
E/DEBUG_KRISTJANS( 4749): 0.10828125482176887
E/DEBUG_KRISTJANS( 4749): 0.020492086846772395
E/DEBUG_KRISTJANS( 4749): 0.010430814341617634
E/DEBUG_KRISTJANS( 4749): 0.009534448521611338
E/DEBUG_KRISTJANS( 4749): 0.04732392620698711
E/DEBUG_KRISTJANS( 4749): 0.00972104010916297
E/CellLocation(  891): create GsmCellLocation
E/FWKEXT  (  590): Enter GetCurrentOP
E/FWKEXT  (  590): Enter GetCurrentOP
E/FWKEXT  (  590): Enter GetCurrentOP
E/FWKEXT  (  590): Enter GetCurrentOP
E/FWKEXT  (  590): Enter GetCurrentOP
E/FWKEXT  (  590): Enter GetCurrentOP
E/FWKEXT  (  590): Enter GetCurrentOP
E/FWKEXT  (  590): Enter GetCurrentOP
E/FWKEXT  (  590): Enter GetCurrentOP
E/FWKEXT  (  590): Enter GetCurrentOP
E/FWKEXT  (  590): Enter GetCurrentOP
E/FWKEXT  (  590): Enter GetCurrentOP
E/FWKEXT  (  590): Enter GetCurrentOP
E/FWKEXT  (  590): Enter GetCurrentOP
E/FWKEXT  (  590): Enter GetCurrentOP
E/FWKEXT  (  590): Enter GetCurrentOP
E/FWKEXT  (  590): Enter GetCurrentOP
E/FWKEXT  (  590): Enter GetCurrentOP
E/FWKEXT  (  590): Enter GetCurrentOP
E/FWKEXT  (  590): Enter GetCurrentOP
E/FWKEXT  (  590): Enter GetCurrentOP
E/FWKEXT  (  590): Enter GetCurrentOP
E/FWKEXT  (  590): Enter GetCurrentOP
E/FWKEXT  (  590): Enter GetCurrentOP
E/FWKEXT  (  590): Enter GetCurrentOP
E/FWKEXT  (  590): Enter GetCurrentOP
E/FWKEXT  (  590): Enter GetCurrentOP
E/FWKEXT  (  590): Enter GetCurrentOP
E/FWKEXT  (  590): Enter GetCurrentOP
E/FWKEXT  (  590): Enter GetCurrentOP
E/FWKEXT  (  590): Enter GetCurrentOP
E/FWKEXT  (  590): Enter GetCurrentOP
E/FWKEXT  (  590): Enter GetCurrentOP
E/FWKEXT  (  590): Enter GetCurrentOP
E/FWKEXT  (  590): Enter GetCurrentOP
E/FWKEXT  (  590): Enter GetCurrentOP
E/FWKEXT  (  590): Enter GetCurrentOP
E/FWKEXT  (  590): Enter GetCurrentOP
E/FWKEXT  (  590): Enter GetCurrentOP
E/FWKEXT  (  590): Enter GetCurrentOP
E/FWKEXT  (  590): Enter GetCurrentOP
E/FWKEXT  (  590): Enter GetCurrentOP
E/FWKEXT  (  590): Enter GetCurrentOP
E/FWKEXT  (  590): Enter GetCurrentOP
E/FWKEXT  (  590): Enter GetCurrentOP
E/FWKEXT  (  590): Enter GetCurrentOP
E/FWKEXT  (  590): Enter GetCurrentOP
E/FWKEXT  (  590): Enter GetCurrentOP
E/FWKEXT  (  590): Enter GetCurrentOP
E/FWKEXT  (  590): Enter GetCurrentOP
E/FWKEXT  (  590): Enter GetCurrentOP
E/FWKEXT  (  590): Enter GetCurrentOP
E/FWKEXT  (  590): Enter GetCurrentOP
E/FWKEXT  (  590): Enter GetCurrentOP
E/FWKEXT  (  590): Enter GetCurrentOP
E/FWKEXT  (  590): Enter GetCurrentOP
E/FWKEXT  (  590): Enter GetCurrentOP
E/FWKEXT  (  590): Enter GetCurrentOP
E/FWKEXT  (  590): Enter GetCurrentOP
E/FWKEXT  (  590): Enter GetCurrentOP
E/FWKEXT  (  590): Enter GetCurrentOP
E/FWKEXT  (  590): Enter GetCurrentOP
E/FWKEXT  (  590): Enter GetCurrentOP
E/FWKEXT  (  590): Enter GetCurrentOP
E/FWKEXT  (  590): Enter GetCurrentOP
E/FWKEXT  (  590): Enter GetCurrentOP
E/FWKEXT  (  590): Enter GetCurrentOP
E/FWKEXT  (  590): Enter GetCurrentOP
E/FWKEXT  (  590): Enter GetCurrentOP
E/FWKEXT  (  590): Enter GetCurrentOP
E/FWKEXT  (  590): Enter GetCurrentOP
E/FWKEXT  (  590): Enter GetCurrentOP
E/FWKEXT  (  590): Enter GetCurrentOP
E/FWKEXT  (  590): Enter GetCurrentOP
E/FWKEXT  (  590): Enter GetCurrentOP
E/FWKEXT  (  590): Enter GetCurrentOP
E/FWKEXT  (  590): Enter GetCurrentOP
E/FWKEXT  (  590): Enter GetCurrentOP
E/FWKEXT  (  590): Enter GetCurrentOP
E/DEBUG_KRISTJANS( 4749): 0.10270169756044645
E/DEBUG_KRISTJANS( 4749): 0.01785498949370634
E/DEBUG_KRISTJANS( 4749): 0.03972727603649773
E/DEBUG_KRISTJANS( 4749): 0.020204814647524216
E/DEBUG_KRISTJANS( 4749): 0.057421729148494194
E/DEBUG_KRISTJANS( 4749): 0.2303859804295758
E/DEBUG_KRISTJANS( 4749): 0.0680041987443527
E/DEBUG_KRISTJANS( 4749): 0.10674417481441623
E/DEBUG_KRISTJANS( 4749): 0.06731715694281348
E/DEBUG_KRISTJANS( 4749): 0.00968050612546989
E/DEBUG_KRISTJANS( 4749): 0.04636954542112193
E/DEBUG_KRISTJANS( 4749): 0.08450792320932976
E/DEBUG_KRISTJANS( 4749): 0.028483661192110432
E/DEBUG_KRISTJANS( 4749): 0.1699804907787268
E/DEBUG_KRISTJANS( 4749): 0.08876413643166181
E/DEBUG_KRISTJANS( 4749): 0.014704762174361008
E/DEBUG_KRISTJANS( 4749): 0.03778845761986993
E/CellLocation(  891): create GsmCellLocation
E/CellLocation(  590): create GsmCellLocation
E/CellLocation(  861): create GsmCellLocation
E/CellLocation(  590): create GsmCellLocation
E/CellLocation( 5813): create GsmCellLocation
E/CellLocation(13179): create GsmCellLocation
E/DEBUG_KRISTJANS( 4749): 0.019258021417176252
E/CellLocation(  891): create GsmCellLocation
E/CellLocation( 5813): create GsmCellLocation
E/CellLocation(13179): create GsmCellLocation
E/DEBUG_KRISTJANS( 4749): 0.0371634845337514
E/DEBUG_KRISTJANS( 4749): 0.12249897030765133
E/DEBUG_KRISTJANS( 4749): 0.09383430467362075
E/DEBUG_KRISTJANS( 4749): 0.02709572954145756
E/DEBUG_KRISTJANS( 4749): 0.006878345445826994
E/DEBUG_KRISTJANS( 4749): 0.051855595260946075
E/DEBUG_KRISTJANS( 4749): 0.03134754204448065
E/DEBUG_KRISTJANS( 4749): 0.03144494529336406
E/DEBUG_KRISTJANS( 4749): 0.11468623702389635
E/DEBUG_KRISTJANS( 4749): 0.04812516989323257
E/DEBUG_KRISTJANS( 4749): 0.06721364032273947
E/DEBUG_KRISTJANS( 4749): 0.09476889220694318
E/DEBUG_KRISTJANS( 4749): 9.90049873340837E-4
E/DEBUG_KRISTJANS( 4749): 0.37217762036727464
E/DEBUG_KRISTJANS( 4749): 0.30664715525435504
E/DEBUG_KRISTJANS( 4749): 3.6544604578025996E-4
E/DEBUG_KRISTJANS( 4749): 4.311515319308512E-4
E/DEBUG_KRISTJANS( 4749): 0.02830446761197969
E/DEBUG_KRISTJANS( 4749): 0.05772564861012164
E/DEBUG_KRISTJANS( 4749): 0.11481038840705438
E/DEBUG_KRISTJANS( 4749): 0.009441050960274922
E/DEBUG_KRISTJANS( 4749): 0.047467308708171174
E/DEBUG_KRISTJANS( 4749): 0.018939975316033753
E/DEBUG_KRISTJANS( 4749): 0.17735233044109933
E/cutils  (15331): to chown(/mnt/shell/emulated/0, 0, 0)
E/cutils  (15331): to chown(/mnt/shell/emulated/obb, 0, 0)
E/cutils  (15331): to chown(/storage/emulated/0/Android, 0, 0)
E/cutils  (15331): to chown(/storage/emulated/0/Android/obb, 0, 0)
E/DEBUG_KRISTJANS( 4749): 0.19597385196836825
E/DEBUG_KRISTJANS( 4749): 0.0809049927455554
E/DEBUG_KRISTJANS( 4749): 0.051783511858927156
E/DEBUG_KRISTJANS( 4749): 0.01837012515192704
E/dalvikvm(15331): Could not find class 'android.app.AppOpsManager', referenced from method com.google.android.gms.common.GooglePlayServicesUtil.zzb
E/DEBUG_KRISTJANS( 4749): 0.16985827145252763
E/DEBUG_KRISTJANS( 4749): 0.018909110043141553
E/DEBUG_KRISTJANS( 4749): 0.08590613341591613
E/DEBUG_KRISTJANS( 4749): 0.009339282173408847
E/DEBUG_KRISTJANS( 4749): 0.11165688889495584
E/DEBUG_KRISTJANS( 4749): 0.010310906907427864
E/DEBUG_KRISTJANS( 4749): 0.006033431130751055
E/DEBUG_KRISTJANS( 4749): 0.11435343704010492
E/DEBUG_KRISTJANS( 4749): 0.03898393884165863
E/DEBUG_KRISTJANS( 4749): 0.09695199069235372
E/DEBUG_KRISTJANS( 4749): 0.03952158666345085
E/DEBUG_KRISTJANS( 4749): 0.010518603333261822
E/DEBUG_KRISTJANS( 4749): 1.070868485708587E-4
E/DEBUG_KRISTJANS( 4749): 0.1340170501743856
E/DEBUG_KRISTJANS( 4749): 0.06662755986481805
E/DEBUG_KRISTJANS( 4749): 0.04807593890656214
E/DEBUG_KRISTJANS( 4749): 4.4403951249982754E-4
E/DEBUG_KRISTJANS( 4749): 0.03862301670910462
E/DEBUG_KRISTJANS( 4749): 0.02772115588297197
E/DEBUG_KRISTJANS( 4749): 0.027998675311977195
E/DEBUG_KRISTJANS( 4749): 0.009852243027356877
E/DEBUG_KRISTJANS( 4749): 0.09575516843682408
E/DEBUG_KRISTJANS( 4749): 0.12504061075692618
E/DEBUG_KRISTJANS( 4749): 0.019366578519981914
E/DEBUG_KRISTJANS( 4749): 0.009014273971533981
E/FWKEXT  (  590): Enter GetCurrentOP
E/FWKEXT  (  590): Enter GetCurrentOP
E/DEBUG_KRISTJANS( 4749): 0.018650176022275033
E/DEBUG_KRISTJANS( 4749): 0.037402018860120734
E/DEBUG_KRISTJANS( 4749): 0.14284786093271862
E/DEBUG_KRISTJANS( 4749): 0.06685750664591872
E/DEBUG_KRISTJANS( 4749): 0.00941808488507867
E/DEBUG_KRISTJANS( 4749): 6.043079397901607E-4
E/DEBUG_KRISTJANS( 4749): 0.04825955347604349
E/DEBUG_KRISTJANS( 4749): 0.0279383910780151
E/DEBUG_KRISTJANS( 4749): 0.03768123211089325
E/DEBUG_KRISTJANS( 4749): 0.03799996885084411
E/DEBUG_KRISTJANS( 4749): 0.02858339576398805
E/DEBUG_KRISTJANS( 4749): 0.05698325895071932
E/CellLocation(  590): create GsmCellLocation
E/DEBUG_KRISTJANS( 4749): 0.02840285199695991
E/CellLocation(  861): create GsmCellLocation
E/CellLocation(  891): create GsmCellLocation
E/CellLocation(  590): create GsmCellLocation
E/DEBUG_KRISTJANS( 4749): 0.028184781980723272
E/CellLocation( 5813): create GsmCellLocation
E/CellLocation(13179): create GsmCellLocation
E/CellLocation(  891): create GsmCellLocation
E/DEBUG_KRISTJANS( 4749): 0.04788633992786551
E/DEBUG_KRISTJANS( 4749): 0.16247010827096808
E/DEBUG_KRISTJANS( 4749): 0.06710730883269278
E/DEBUG_KRISTJANS( 4749): 0.019568003576832638
E/DEBUG_KRISTJANS( 4749): 0.028880850517060352
E/DEBUG_KRISTJANS( 4749): 0.02898180369897929
E/DEBUG_KRISTJANS( 4749): 0.047651104289673896
E/DEBUG_KRISTJANS( 4749): 0.037476882176317616
E/DEBUG_KRISTJANS( 4749): 0.07588091871121527
E/DEBUG_KRISTJANS( 4749): 0.029748435346180102
E/DEBUG_KRISTJANS( 4749): 0.029243307866089197
E/DEBUG_KRISTJANS( 4749): 0.03816067381711363
E/DEBUG_KRISTJANS( 4749): 0.10496168418658236
E/DEBUG_KRISTJANS( 4749): 0.1698351878321045
E/DEBUG_KRISTJANS( 4749): 0.0896516748525471
E/DEBUG_KRISTJANS( 4749): 0.2038938172209086
E/DEBUG_KRISTJANS( 4749): 0.008495860163231228
E/CellLocation(  590): create GsmCellLocation
E/CellLocation(  861): create GsmCellLocation
